Product: MDK-ARM Standard 5.10
Component: ARM Compiler 5.04 update 1 (build 49)
Tool: armlink [5040049]

==============================================================================

Section Cross References

    startup_stm32f10x_hd.o(RESET) refers to startup_stm32f10x_hd.o(STACK) for __initial_sp
    startup_stm32f10x_hd.o(RESET) refers to startup_stm32f10x_hd.o(.text) for Reset_Handler
    startup_stm32f10x_hd.o(RESET) refers to stm32f10x_it.o(.text) for NMI_Handler
    startup_stm32f10x_hd.o(RESET) refers to os_cpu_a.o(.text) for OS_CPU_PendSVHandler
    startup_stm32f10x_hd.o(RESET) refers to sys_delay.o(.text) for SysTick_Handler
    startup_stm32f10x_hd.o(RESET) refers to ctrlcom.o(.text) for DMA1_Channel5_IRQHandler
    startup_stm32f10x_hd.o(RESET) refers to ctrlcan.o(.text) for USB_LP_CAN1_RX0_IRQHandler
    startup_stm32f10x_hd.o(RESET) refers to mtx_timer.o(.text) for TIM2_IRQHandler
    startup_stm32f10x_hd.o(.text) refers to system_stm32f10x.o(.text) for SystemInit
    startup_stm32f10x_hd.o(.text) refers to entry.o(.ARM.Collect$$$$00000000) for __main
    main.o(.text) refers to os_task.o(.text) for OSTaskCreate
    main.o(.text) refers to os_flag.o(.text) for OSFlagCreate
    main.o(.text) refers to cpu_core.o(.text) for CPU_Init
    main.o(.text) refers to os_stat.o(.text) for OSStatTaskCPUUsageInit
    main.o(.text) refers to os_core.o(.text) for OSSchedRoundRobinCfg
    main.o(.text) refers to cpu_a.o(.text) for CPU_SR_Save
    main.o(.text) refers to mid.o(.text) for Sys_Init
    main.o(.text) refers to misc.o(.text) for NVIC_PriorityGroupConfig
    main.o(.text) refers to sys_delay.o(.text) for Sys_delay_init
    main.o(.text) refers to led.o(.text) for Led_Initialization
    main.o(.text) refers to main.o(.bss) for MID_TASK_STK
    main.o(.text) refers to entercupmt.o(.text) for Enter_Cup_Task
    main.o(.text) refers to led_key_ctrl.o(.text) for LedKey_Ctrl_Task
    main.o(.text) refers to mid_reback.o(.text) for Mid_ReBack_Task
    main.o(.text) refers to os_var.o(.data) for OSSchedLockNestingCtr
    mid.o(.text) refers to stmflash.o(.text) for STMFLASH_Read
    mid.o(.text) refers to sys_delay.o(.text) for Sys_Delay_ms
    mid.o(.text) refers to mid_op.o(.text) for SoftReset
    mid.o(.text) refers to ctrlcom.o(.text) for Com_Initialization
    mid.o(.text) refers to ctrlcan.o(.text) for Can_Initialization
    mid.o(.text) refers to led.o(.text) for Led_Initialization
    mid.o(.text) refers to led_key_ctrl.o(.text) for LK_PinAllInit
    mid.o(.text) refers to configmtx.o(.text) for Mtx_Init
    mid.o(.text) refers to entercupmt.o(.text) for Enter_Cup_Check_Light
    mid.o(.text) refers to fm25cl64.o(.text) for FRAME_INIT
    mid.o(.text) refers to printf5.o(i.__0printf$5) for __2printf
    mid.o(.text) refers to load_parameter.o(.text) for Load_SysPara
    mid.o(.text) refers to queue.o(.text) for queue_out_byte
    mid.o(.text) refers to os_task.o(.text) for OSTaskSemPend
    mid.o(.text) refers to mid.o(.bss) for gApp
    mid.o(.text) refers to mid.o(.data) for s_MidWaitPata
    mid.o(.text) refers to ctrlcom.o(.bss) for sComCtrl
    mid.o(.text) refers to ctrlcan.o(.bss) for sCanCtrl
    mid_op.o(.text) refers to queue.o(.text) for queue_in
    mid_op.o(.text) refers to os_task.o(.text) for OSTaskSemPost
    mid_op.o(.text) refers to printf5.o(i.__0printf$5) for __2printf
    mid_op.o(.text) refers to stm32f10x_tim.o(.text) for TIM_Cmd
    mid_op.o(.text) refers to stmflash.o(.text) for STMFLASH_Write
    mid_op.o(.text) refers to sys_delay.o(.text) for Sys_Delay_ms
    mid_op.o(.text) refers to mid_reback.o(.text) for Mid_ReBack_Fill
    mid_op.o(.text) refers to mtx_lightpin.o(.text) for Fun_MtxResetGetState
    mid_op.o(.text) refers to entercupmt.o(.text) for Get_UpLight_State
    mid_op.o(.text) refers to led_key_ctrl.o(.text) for Get_WasteCup_Light_State
    mid_op.o(.text) refers to memcpya.o(.text) for __aeabi_memcpy
    mid_op.o(.text) refers to load_parameter.o(.text) for Handle_Para_Cmd
    mid_op.o(.text) refers to mid_op.o(.bss) for Sys_Msg_Data
    mid_op.o(.text) refers to mid.o(.bss) for gApp
    mid_op.o(.text) refers to mid.o(.data) for set_debug
    mid_op.o(.text) refers to led_key_ctrl.o(.bss) for s_lkFlag
    mid_op.o(.text) refers to entercupmt.o(.bss) for EC_QueBuf
    mid_op.o(.text) refers to main.o(.bss) for EnterCupCtrlTaskTCB
    mid_reback.o(.text) refers to queue.o(.text) for queue_in_byte
    mid_reback.o(.text) refers to os_task.o(.text) for OSTaskSemPost
    mid_reback.o(.text) refers to ctrlcom.o(.text) for Usart_ComSendString
    mid_reback.o(.text) refers to printf5.o(i.__0printf$5) for __2printf
    mid_reback.o(.text) refers to mid.o(.text) for Que_WaitFram
    mid_reback.o(.text) refers to mid_reback.o(.bss) for MidReBack_QueBuf
    mid_reback.o(.text) refers to main.o(.bss) for MIDReBackTaskTCB
    mid_reback.o(.text) refers to mid_reback.o(.data) for sBackWaitPara
    mid_reback.o(.text) refers to ctrlcan.o(.bss) for sCanCtrl
[...]
    FUN_CAN_MonitorRXP                       0x08001071   Thumb Code    46  ctrlcan.o(.text)
    FUN_CAN_MonitorSCE                       0x0800109f   Thumb Code   436  ctrlcan.o(.text)
    FUN_CAN_SendBuf                          0x08001253   Thumb Code   108  ctrlcan.o(.text)
    Config_Can_Fun                           0x080012bf   Thumb Code    94  ctrlcan.o(.text)
    Can_Initialization                       0x0800131d   Thumb Code    40  ctrlcan.o(.text)
    CAN_IsrRXPHandling                       0x08001345   Thumb Code   252  ctrlcan.o(.text)
    Can_BusyCheck                            0x08001441   Thumb Code    46  ctrlcan.o(.text)
    CAN1_SCE_IRQHandler                      0x0800146f   Thumb Code    10  ctrlcan.o(.text)
    USB_LP_CAN1_RX0_IRQHandler               0x08001479   Thumb Code    16  ctrlcan.o(.text)
    _sys_exit                                0x0800150d   Thumb Code     4  ctrlcom.o(.text)
    fputc                                    0x08001511   Thumb Code    26  ctrlcom.o(.text)
    Usart_ComSendString                      0x0800152b   Thumb Code    92  ctrlcom.o(.text)
    Usart_ComBufGet                          0x08001587   Thumb Code    24  ctrlcom.o(.text)
    Usart_ComBufSet                          0x0800159f   Thumb Code    26  ctrlcom.o(.text)
    Usart_ComIntRxDisable                    0x080015b9   Thumb Code    30  ctrlcom.o(.text)
    Usart_ComIntTxDisable                    0x080015d7   Thumb Code    30  ctrlcom.o(.text)
    Usart_ComIntRxEnable                     0x080015f5   Thumb Code    30  ctrlcom.o(.text)
    Usart_ComIntTxEnable                     0x08001613   Thumb Code    30  ctrlcom.o(.text)
    Usart_ComCheckFlagTXE                    0x08001631   Thumb Code    32  ctrlcom.o(.text)
    Usart_ComCheckFlagTI                     0x08001651   Thumb Code    32  ctrlcom.o(.text)
    Usart_ComCheckFlagRI                     0x08001671   Thumb Code    32  ctrlcom.o(.text)
    Usart_ComInit                            0x08001691   Thumb Code   562  ctrlcom.o(.text)
    Com_Initialization                       0x08001b91   Thumb Code    92  ctrlcom.o(.text)
    USART_IRQReceive                         0x08001bed   Thumb Code   428  ctrlcom.o(.text)
    USART1_IRQHandler                        0x08001d99   Thumb Code    20  ctrlcom.o(.text)
    USART2_IRQHandler                        0x08001dad   Thumb Code    20  ctrlcom.o(.text)
    DMA_Channel_IRQHandler                   0x08001dc1   Thumb Code   298  ctrlcom.o(.text)
    DMA1_Channel5_IRQHandler                 0x08001eeb   Thumb Code    20  ctrlcom.o(.text)
    DMA1_Channel6_IRQHandler                 0x08001eff   Thumb Code    20  ctrlcom.o(.text)
    DMA_Config                               0x08001f2d   Thumb Code    82  ctrldma.o(.text)
    DMA_Enable                               0x08001f7f   Thumb Code    32  ctrldma.o(.text)
    ConfigSpiPara                            0x08001fa9   Thumb Code   244  ctrlspi.o(.text)
    SPI_ReadWriteByte                        0x0800209d   Thumb Code    92  ctrlspi.o(.text)
    Fun_SPI_Init                             0x080020f9   Thumb Code   342  ctrlspi.o(.text)
    enter_critical                           0x0800225d   Thumb Code    48  queue.o(.text)
    exit_critical                            0x0800228d   Thumb Code    96  queue.o(.text)
    queue_inital                             0x080022ed   Thumb Code    36  queue.o(.text)
    queue_len_query                          0x08002311   Thumb Code    44  queue.o(.text)
    queue_in_byte                            0x0800233d   Thumb Code    68  queue.o(.text)
    queue_in                                 0x08002381   Thumb Code   162  queue.o(.text)
    queue_out                                0x08002423   Thumb Code   208  queue.o(.text)
    queue_out_byte                           0x080024f3   Thumb Code   122  queue.o(.text)
    queue_query                              0x0800256d   Thumb Code    32  queue.o(.text)
    Sys_delay_init                           0x080025b5   Thumb Code    98  sys_delay.o(.text)
    SysTick_Handler                          0x08002617   Thumb Code    24  sys_delay.o(.text)
    Sys_Delay_ms                             0x0800262f   Thumb Code    32  sys_delay.o(.text)
    Sys_GetTicks                             0x0800264f   Thumb Code    10  sys_delay.o(.text)
    STMFLASH_ReadWord                        0x0800267d   Thumb Code     6  stmflash.o(.text)
    STMFLASH_Write_NoCheck                   0x08002683   Thumb Code    38  stmflash.o(.text)
    STMFLASH_Read                            0x080026a9   Thumb Code    34  stmflash.o(.text)
    STMFLASH_Write                           0x080026cb   Thumb Code   218  stmflash.o(.text)
    Test_Write                               0x080027a5   Thumb Code   126  stmflash.o(.text)
    LED_Toggle                               0x08002841   Thumb Code    28  led.o(.text)
    LED_Reset                                0x0800285d   Thumb Code    18  led.o(.text)
    LED_Set                                  0x0800286f   Thumb Code    18  led.o(.text)
    LED_All_Reset                            0x08002881   Thumb Code    26  led.o(.text)
    LED_Pin_Init                             0x0800289b   Thumb Code    74  led.o(.text)
    Led_Config_init                          0x080028e5   Thumb Code    64  led.o(.text)
    Led_Initialization                       0x08002925   Thumb Code    16  led.o(.text)
    Led_Task                                 0x08002935   Thumb Code    42  led.o(.text)
    Load_SP_Para                             0x08002969   Thumb Code    90  load_parameter.o(.text)
    Load_Paramenter                          0x080029c3   Thumb Code    70  load_parameter.o(.text)
    Set_EC_Para                              0x08002a09   Thumb Code    84  load_parameter.o(.text)
    Set_Paramenter                           0x08002a5d   Thumb Code    70  load_parameter.o(.text)
    Handle_Para_Cmd                          0x08002aa3   Thumb Code    44  load_parameter.o(.text)
    Load_SysPara                             0x08002acf   Thumb Code    44  load_parameter.o(.text)
    MtxSetPara                               0x08002b05   Thumb Code  2152  configmtx.o(.text)
    MtxFunListInit                           0x0800336d   Thumb Code   294  configmtx.o(.text)
    Mtx_Init                                 0x08003493   Thumb Code   104  configmtx.o(.text)
    MT_CalculateStepRuler                    0x08003559   Thumb Code  1176  motor.o(.text)
    Mtx_Waiting                              0x080039f1   Thumb Code   150  motor.o(.text)
    Mtx_Move                                 0x08003a87   Thumb Code   198  motor.o(.text)
    Mtx_Move_NoWait                          0x08003b4d   Thumb Code   176  motor.o(.text)
    Mtx_Move_To                              0x08003bfd   Thumb Code    90  motor.o(.text)
    Mtx_UntilTegger                          0x08003c57   Thumb Code   278  motor.o(.text)
    Mtx_Rst                                  0x08003d6d   Thumb Code   640  motor.o(.text)
    Mtx_FastRst                              0x08003fed   Thumb Code   206  motor.o(.text)
    Mtx_Cup_Move_To                          0x080040bb   Thumb Code   174  motor.o(.text)
    MT_Cup_Move                              0x08004169   Thumb Code   366  motor.o(.text)
    MT_Cup_Move_One_Dir                      0x080042d7   Thumb Code   376  motor.o(.text)
    Mtx_Phase_Load                           0x08004459   Thumb Code   456  mtx.o(.text)
    Mtx_Phase_Idel                           0x08004621   Thumb Code   212  mtx.o(.text)
    Mtx_DriverCtrl                           0x080046f5   Thumb Code   126  mtx.o(.text)
    MtxCaculateAccDec                        0x08004773   Thumb Code   992  mtx.o(.text)
    MtxCountFreqAccDec                       0x08004b53   Thumb Code  1036  mtx.o(.text)
    Mtx_Phase_Fin                            0x08004f5f   Thumb Code   122  mtx.o(.text)
    MtPhasePwm                               0x08004fd9   Thumb Code  1338  mtx.o(.text)
    Mtx_Phase_Dec                            0x08005513   Thumb Code   146  mtx.o(.text)
    Mtx_Phase_Equ                            0x080055a5   Thumb Code   100  mtx.o(.text)
    Mtx_Phase_Acc                            0x08005609   Thumb Code   156  mtx.o(.text)
    Mtx_Pwm_ISR                              0x080056a5   Thumb Code   186  mtx.o(.text)
    Fun_ConfigMtxCtrlPinStruct               0x0800576d   Thumb Code   482  mtx_ctrlpin.o(.text)
    Fun_MtxUnLock                            0x0800594f   Thumb Code    32  mtx_ctrlpin.o(.text)
    Mtx_CtrlPinInit                          0x0800596f   Thumb Code   168  mtx_ctrlpin.o(.text)
    Fun_MtxLock                              0x08005a17   Thumb Code    32  mtx_ctrlpin.o(.text)
    Fun_MtxDirectionPosi                     0x08005a37   Thumb Code    92  mtx_ctrlpin.o(.text)
    Fun_MtxDirectionNega                     0x08005a93   Thumb Code    92  mtx_ctrlpin.o(.text)
    Fun_ConfigMtxLightStruct                 0x08005b01   Thumb Code   954  mtx_lightpin.o(.text)
    Fun_Mtx_LightInit                        0x08005ebb   Thumb Code   326  mtx_lightpin.o(.text)
    Fun_MtxResetGetState                     0x08006001   Thumb Code    38  mtx_lightpin.o(.text)
    Fun_MtxArriveGetState                    0x08006027   Thumb Code    40  mtx_lightpin.o(.text)
    Fun_MtxCodeGetState                      0x0800604f   Thumb Code    40  mtx_lightpin.o(.text)
    Fun_MtxCrashGetState                     0x08006077   Thumb Code    40  mtx_lightpin.o(.text)
    Fun_ConfigTimStruct                      0x080060a9   Thumb Code   592  mtx_timer.o(.text)
    Fun_Time_Init                            0x080062f9   Thumb Code   614  mtx_timer.o(.text)
    Fun_Mtx_TimInterruptON                   0x0800655f   Thumb Code    24  mtx_timer.o(.text)
    Fun_Mtx_TimInterruptOFF                  0x08006577   Thumb Code    24  mtx_timer.o(.text)
    Fun_Mtx_TimInterruptClear                0x0800658f   Thumb Code    22  mtx_timer.o(.text)
    Fun_Mtx_TimCountON                       0x080065a5   Thumb Code    22  mtx_timer.o(.text)
    Fun_Mtx_TimCountOFF                      0x080065bb   Thumb Code    22  mtx_timer.o(.text)
    Fun_Mtx_TimLoad                          0x080065d1   Thumb Code    16  mtx_timer.o(.text)
    Fun_Mtx_TimPlusCtrl                      0x080065e1   Thumb Code    14  mtx_timer.o(.text)
    TIM2_IRQHandler                          0x080065ef   Thumb Code    12  mtx_timer.o(.text)
    TIM3_IRQHandler                          0x080065fb   Thumb Code    12  mtx_timer.o(.text)
    TIM4_IRQHandler                          0x08006607   Thumb Code    12  mtx_timer.o(.text)
    TIM5_IRQHandler                          0x08006613   Thumb Code    12  mtx_timer.o(.text)
    Read_FM25CL64_nByte                      0x0800666d   Thumb Code    84  fm25cl64.o(.text)
    Write_FM25CL64_nByte                     0x080066dd   Thumb Code    80  fm25cl64.o(.text)
    FRAME_INIT                               0x0800679b   Thumb Code    50  fm25cl64.o(.text)
    Read_FM25CL64_Byte                       0x0800684b   Thumb Code    60  fm25cl64.o(.text)
    Write_FM25CL64_Byte                      0x08006887   Thumb Code    62  fm25cl64.o(.text)
    Enter_Cup_Check_Light                    0x080068d9   Thumb Code    58  entercupmt.o(.text)
    Spring_Pin_Init                          0x08006913   Thumb Code    50  entercupmt.o(.text)
    Spring_Set                               0x08006945   Thumb Code    12  entercupmt.o(.text)
    Spring_Reset                             0x08006951   Thumb Code    12  entercupmt.o(.text)
    Get_UpLight_State                        0x0800695d   Thumb Code    20  entercupmt.o(.text)
    Get_DowmLight_State                      0x08006971   Thumb Code    20  entercupmt.o(.text)
    Get_MoveLight_State                      0x08006985   Thumb Code    20  entercupmt.o(.text)
    Judge_Light_State                        0x08006999   Thumb Code    24  entercupmt.o(.text)
    Handle_EC_Cmd                            0x080069b1   Thumb Code   446  entercupmt.o(.text)
    Enter_Cup_Task                           0x08006b6f   Thumb Code   102  entercupmt.o(.text)
    Auto_Enter_Cup_Task                      0x08006bd5   Thumb Code   300  entercupmt.o(.text)
    LK_KeyGetState                           0x08006d01   Thumb Code    38  led_key_ctrl.o(.text)
    LK_Led_Off                               0x08006d27   Thumb Code    30  led_key_ctrl.o(.text)
    LK_Led_On                                0x08006d45   Thumb Code    30  led_key_ctrl.o(.text)
    LK_Pin_ConfigStruct                      0x08006d63   Thumb Code   976  led_key_ctrl.o(.text)
    LK_LedPinInit                            0x08007133   Thumb Code   132  led_key_ctrl.o(.text)
    LK_FUn_Config                            0x080071b7   Thumb Code    38  led_key_ctrl.o(.text)
    LK_PinAllInit                            0x080071dd   Thumb Code    32  led_key_ctrl.o(.text)
    LK_Led_Toggle                            0x080071fd   Thumb Code    42  led_key_ctrl.o(.text)
    Waste_Light_PinInit                      0x08007227   Thumb Code    60  led_key_ctrl.o(.text)
    Get_WasteCup_Light_State                 0x08007263   Thumb Code    28  led_key_ctrl.o(.text)
    LedKey_Ctrl                              0x0800727f   Thumb Code   204  led_key_ctrl.o(.text)
    WasteCup_Light_Check                     0x0800734b   Thumb Code   184  led_key_ctrl.o(.text)
    LedKey_Ctrl_Task                         0x08007403   Thumb Code    80  led_key_ctrl.o(.text)
    SystemInit                               0x08007557   Thumb Code    78  system_stm32f10x.o(.text)
    SystemCoreClockUpdate                    0x080075a5   Thumb Code   142  system_stm32f10x.o(.text)
    NVIC_PriorityGroupConfig                 0x08007661   Thumb Code    10  misc.o(.text)
    NVIC_Init                                0x0800766b   Thumb Code   100  misc.o(.text)
    NVIC_SetVectorTable                      0x080076cf   Thumb Code    14  misc.o(.text)
    NVIC_SystemLPConfig                      0x080076dd   Thumb Code    34  misc.o(.text)
    SysTick_CLKSourceConfig                  0x080076ff   Thumb Code    40  misc.o(.text)
    CAN_DeInit                               0x0800773d   Thumb Code    50  stm32f10x_can.o(.text)
    CAN_Init                                 0x0800776f   Thumb Code   276  stm32f10x_can.o(.text)
    CAN_FilterInit                           0x08007883   Thumb Code   258  stm32f10x_can.o(.text)
    CAN_StructInit                           0x08007985   Thumb Code    32  stm32f10x_can.o(.text)
    CAN_SlaveStartBank                       0x080079a5   Thumb Code    48  stm32f10x_can.o(.text)
    CAN_DBGFreeze                            0x080079d5   Thumb Code    22  stm32f10x_can.o(.text)
    CAN_TTComModeCmd                         0x080079eb   Thumb Code   118  stm32f10x_can.o(.text)
    CAN_Transmit                             0x08007a61   Thumb Code   304  stm32f10x_can.o(.text)
    CAN_TransmitStatus                       0x08007b91   Thumb Code   138  stm32f10x_can.o(.text)
    CAN_CancelTransmit                       0x08007c1b   Thumb Code    48  stm32f10x_can.o(.text)
    CAN_Receive                              0x08007c4b   Thumb Code   240  stm32f10x_can.o(.text)
    CAN_FIFORelease                          0x08007d3b   Thumb Code    22  stm32f10x_can.o(.text)
    CAN_MessagePending                       0x08007d51   Thumb Code    30  stm32f10x_can.o(.text)
    CAN_OperatingModeRequest                 0x08007d6f   Thumb Code   162  stm32f10x_can.o(.text)
    CAN_Sleep                                0x08007e11   Thumb Code    30  stm32f10x_can.o(.text)
    CAN_WakeUp                               0x08007e2f   Thumb Code    48  stm32f10x_can.o(.text)
    CAN_GetLastErrorCode                     0x08007e5f   Thumb Code    12  stm32f10x_can.o(.text)
    CAN_GetReceiveErrorCounter               0x08007e6b   Thumb Code    10  stm32f10x_can.o(.text)
    CAN_GetLSBTransmitErrorCounter           0x08007e75   Thumb Code    12  stm32f10x_can.o(.text)
    CAN_ITConfig                             0x08007e81   Thumb Code    18  stm32f10x_can.o(.text)
    CAN_GetFlagStatus                        0x08007e93   Thumb Code   120  stm32f10x_can.o(.text)
    CAN_ClearFlag                            0x08007f0b   Thumb Code    52  stm32f10x_can.o(.text)
    CAN_GetITStatus                          0x08007f51   Thumb Code   310  stm32f10x_can.o(.text)
    CAN_ClearITPendingBit                    0x08008087   Thumb Code   162  stm32f10x_can.o(.text)
    DMA_DeInit                               0x0800812d   Thumb Code   324  stm32f10x_dma.o(.text)
    DMA_Init                                 0x08008271   Thumb Code    60  stm32f10x_dma.o(.text)
    DMA_StructInit                           0x080082ad   Thumb Code    26  stm32f10x_dma.o(.text)
    DMA_Cmd                                  0x080082c7   Thumb Code    24  stm32f10x_dma.o(.text)
    DMA_ITConfig                             0x080082df   Thumb Code    18  stm32f10x_dma.o(.text)
    DMA_SetCurrDataCounter                   0x080082f1   Thumb Code     4  stm32f10x_dma.o(.text)
    DMA_GetCurrDataCounter                   0x080082f5   Thumb Code     8  stm32f10x_dma.o(.text)
    DMA_GetFlagStatus                        0x080082fd   Thumb Code    40  stm32f10x_dma.o(.text)
    DMA_ClearFlag                            0x08008325   Thumb Code    22  stm32f10x_dma.o(.text)
    DMA_GetITStatus                          0x0800833b   Thumb Code    40  stm32f10x_dma.o(.text)
    DMA_ClearITPendingBit                    0x08008363   Thumb Code    22  stm32f10x_dma.o(.text)
    FLASH_SetLatency                         0x08008381   Thumb Code    18  stm32f10x_flash.o(.text)
    FLASH_HalfCycleAccessCmd                 0x08008393   Thumb Code    22  stm32f10x_flash.o(.text)
    FLASH_PrefetchBufferCmd                  0x080083a9   Thumb Code    22  stm32f10x_flash.o(.text)
    FLASH_Unlock                             0x080083bf   Thumb Code    12  stm32f10x_flash.o(.text)
    FLASH_UnlockBank1                        0x080083cb   Thumb Code    12  stm32f10x_flash.o(.text)
    FLASH_Lock                               0x080083d7   Thumb Code    14  stm32f10x_flash.o(.text)
    FLASH_LockBank1                          0x080083e5   Thumb Code    14  stm32f10x_flash.o(.text)
    FLASH_GetBank1Status                     0x080083f3   Thumb Code    48  stm32f10x_flash.o(.text)
    FLASH_WaitForLastOperation               0x08008423   Thumb Code    38  stm32f10x_flash.o(.text)
    FLASH_ErasePage                          0x08008449   Thumb Code    72  stm32f10x_flash.o(.text)
    FLASH_EraseAllPages                      0x08008491   Thumb Code    68  stm32f10x_flash.o(.text)
    FLASH_WaitForLastBank1Operation          0x080084d5   Thumb Code    38  stm32f10x_flash.o(.text)
    FLASH_EraseAllBank1Pages                 0x080084fb   Thumb Code    68  stm32f10x_flash.o(.text)
    FLASH_GetReadOutProtectionStatus         0x0800853f   Thumb Code    20  stm32f10x_flash.o(.text)
    FLASH_EraseOptionBytes                   0x08008553   Thumb Code   150  stm32f10x_flash.o(.text)
    FLASH_ProgramWord                        0x080085e9   Thumb Code   102  stm32f10x_flash.o(.text)
    FLASH_ProgramHalfWord                    0x0800864f   Thumb Code    60  stm32f10x_flash.o(.text)
    FLASH_ProgramOptionByteData              0x0800868b   Thumb Code    72  stm32f10x_flash.o(.text)
    FLASH_EnableWriteProtection              0x080086d3   Thumb Code   200  stm32f10x_flash.o(.text)
    FLASH_ReadOutProtection                  0x0800879b   Thumb Code   156  stm32f10x_flash.o(.text)
    FLASH_UserOptionByteConfig               0x08008837   Thumb Code    88  stm32f10x_flash.o(.text)
    FLASH_GetUserOptionByte                  0x0800888f   Thumb Code     8  stm32f10x_flash.o(.text)
    FLASH_GetWriteProtectionOptionByte       0x08008897   Thumb Code     6  stm32f10x_flash.o(.text)
    FLASH_GetPrefetchBufferStatus            0x0800889d   Thumb Code    20  stm32f10x_flash.o(.text)
    FLASH_ITConfig                           0x080088b1   Thumb Code    26  stm32f10x_flash.o(.text)
    FLASH_GetFlagStatus                      0x080088cb   Thumb Code    42  stm32f10x_flash.o(.text)
    FLASH_ClearFlag                          0x080088f5   Thumb Code     6  stm32f10x_flash.o(.text)
    FLASH_GetStatus                          0x080088fb   Thumb Code    48  stm32f10x_flash.o(.text)
    GPIO_DeInit                              0x0800893d   Thumb Code   172  stm32f10x_gpio.o(.text)
    GPIO_AFIODeInit                          0x080089e9   Thumb Code    20  stm32f10x_gpio.o(.text)
    GPIO_Init                                0x080089fd   Thumb Code   278  stm32f10x_gpio.o(.text)
    GPIO_StructInit                          0x08008b13   Thumb Code    16  stm32f10x_gpio.o(.text)
    GPIO_ReadInputDataBit                    0x08008b23   Thumb Code    18  stm32f10x_gpio.o(.text)
    GPIO_ReadInputData                       0x08008b35   Thumb Code     8  stm32f10x_gpio.o(.text)
    GPIO_ReadOutputDataBit                   0x08008b3d   Thumb Code    18  stm32f10x_gpio.o(.text)
    GPIO_ReadOutputData                      0x08008b4f   Thumb Code     8  stm32f10x_gpio.o(.text)
    GPIO_SetBits                             0x08008b57   Thumb Code     4  stm32f10x_gpio.o(.text)
    GPIO_ResetBits                           0x08008b5b   Thumb Code     4  stm32f10x_gpio.o(.text)
    GPIO_WriteBit                            0x08008b5f   Thumb Code    10  stm32f10x_gpio.o(.text)
    GPIO_Write                               0x08008b69   Thumb Code     4  stm32f10x_gpio.o(.text)
    GPIO_PinLockConfig                       0x08008b6d   Thumb Code    18  stm32f10x_gpio.o(.text)
    GPIO_EventOutputConfig                   0x08008b7f   Thumb Code    26  stm32f10x_gpio.o(.text)
    GPIO_EventOutputCmd                      0x08008b99   Thumb Code     6  stm32f10x_gpio.o(.text)
    GPIO_PinRemapConfig                      0x08008b9f   Thumb Code   138  stm32f10x_gpio.o(.text)
    GPIO_EXTILineConfig                      0x08008c29   Thumb Code    66  stm32f10x_gpio.o(.text)
    GPIO_ETH_MediaInterfaceConfig            0x08008c6b   Thumb Code     8  stm32f10x_gpio.o(.text)
    RCC_DeInit                               0x08008c99   Thumb Code    64  stm32f10x_rcc.o(.text)
    RCC_HSEConfig                            0x08008cd9   Thumb Code    70  stm32f10x_rcc.o(.text)
    RCC_GetFlagStatus                        0x08008d1f   Thumb Code    56  stm32f10x_rcc.o(.text)
    RCC_WaitForHSEStartUp                    0x08008d57   Thumb Code    56  stm32f10x_rcc.o(.text)
    RCC_AdjustHSICalibrationValue            0x08008d8f   Thumb Code    20  stm32f10x_rcc.o(.text)
    RCC_HSICmd                               0x08008da3   Thumb Code     6  stm32f10x_rcc.o(.text)
    RCC_PLLConfig                            0x08008da9   Thumb Code    24  stm32f10x_rcc.o(.text)
    RCC_PLLCmd                               0x08008dc1   Thumb Code     6  stm32f10x_rcc.o(.text)
    RCC_SYSCLKConfig                         0x08008dc7   Thumb Code    18  stm32f10x_rcc.o(.text)
    RCC_GetSYSCLKSource                      0x08008dd9   Thumb Code    10  stm32f10x_rcc.o(.text)
    RCC_HCLKConfig                           0x08008de3   Thumb Code    18  stm32f10x_rcc.o(.text)
    RCC_PCLK1Config                          0x08008df5   Thumb Code    18  stm32f10x_rcc.o(.text)
    RCC_PCLK2Config                          0x08008e07   Thumb Code    20  stm32f10x_rcc.o(.text)
    RCC_ITConfig                             0x08008e1b   Thumb Code    26  stm32f10x_rcc.o(.text)
    RCC_USBCLKConfig                         0x08008e35   Thumb Code     8  stm32f10x_rcc.o(.text)
    RCC_ADCCLKConfig                         0x08008e3d   Thumb Code    18  stm32f10x_rcc.o(.text)
    RCC_LSEConfig                            0x08008e4f   Thumb Code    50  stm32f10x_rcc.o(.text)
    RCC_LSICmd                               0x08008e81   Thumb Code     6  stm32f10x_rcc.o(.text)
    RCC_RTCCLKConfig                         0x08008e87   Thumb Code    12  stm32f10x_rcc.o(.text)
    RCC_RTCCLKCmd                            0x08008e93   Thumb Code     8  stm32f10x_rcc.o(.text)
    RCC_GetClocksFreq                        0x08008e9b   Thumb Code   192  stm32f10x_rcc.o(.text)
    RCC_AHBPeriphClockCmd                    0x08008f5b   Thumb Code    26  stm32f10x_rcc.o(.text)
    RCC_APB2PeriphClockCmd                   0x08008f75   Thumb Code    26  stm32f10x_rcc.o(.text)
    RCC_APB1PeriphClockCmd                   0x08008f8f   Thumb Code    26  stm32f10x_rcc.o(.text)
    RCC_APB2PeriphResetCmd                   0x08008fa9   Thumb Code    26  stm32f10x_rcc.o(.text)
    RCC_APB1PeriphResetCmd                   0x08008fc3   Thumb Code    26  stm32f10x_rcc.o(.text)
    RCC_BackupResetCmd                       0x08008fdd   Thumb Code     8  stm32f10x_rcc.o(.text)
    RCC_ClockSecuritySystemCmd               0x08008fe5   Thumb Code     6  stm32f10x_rcc.o(.text)
    RCC_MCOConfig                            0x08008feb   Thumb Code     6  stm32f10x_rcc.o(.text)
    RCC_ClearFlag                            0x08008ff1   Thumb Code    14  stm32f10x_rcc.o(.text)
    RCC_GetITStatus                          0x08008fff   Thumb Code    20  stm32f10x_rcc.o(.text)
    RCC_ClearITPendingBit                    0x08009013   Thumb Code     6  stm32f10x_rcc.o(.text)
    SPI_I2S_DeInit                           0x08009045   Thumb Code    76  stm32f10x_spi.o(.text)
    SPI_Init                                 0x08009091   Thumb Code    60  stm32f10x_spi.o(.text)
    I2S_Init                                 0x080090cd   Thumb Code   226  stm32f10x_spi.o(.text)
    SPI_StructInit                           0x080091af   Thumb Code    24  stm32f10x_spi.o(.text)
    I2S_StructInit                           0x080091c7   Thumb Code    20  stm32f10x_spi.o(.text)
    SPI_Cmd                                  0x080091db   Thumb Code    24  stm32f10x_spi.o(.text)
    I2S_Cmd                                  0x080091f3   Thumb Code    24  stm32f10x_spi.o(.text)
    SPI_I2S_ITConfig                         0x0800920b   Thumb Code    32  stm32f10x_spi.o(.text)
    SPI_I2S_DMACmd                           0x0800922b   Thumb Code    18  stm32f10x_spi.o(.text)
    SPI_I2S_SendData                         0x0800923d   Thumb Code     4  stm32f10x_spi.o(.text)
    SPI_I2S_ReceiveData                      0x08009241   Thumb Code     6  stm32f10x_spi.o(.text)
    SPI_NSSInternalSoftwareConfig            0x08009247   Thumb Code    30  stm32f10x_spi.o(.text)
    SPI_SSOutputCmd                          0x08009265   Thumb Code    24  stm32f10x_spi.o(.text)
    SPI_DataSizeConfig                       0x0800927d   Thumb Code    18  stm32f10x_spi.o(.text)
    SPI_TransmitCRC                          0x0800928f   Thumb Code    10  stm32f10x_spi.o(.text)
    SPI_CalculateCRC                         0x08009299   Thumb Code    24  stm32f10x_spi.o(.text)
    SPI_GetCRC                               0x080092b1   Thumb Code    16  stm32f10x_spi.o(.text)
    SPI_GetCRCPolynomial                     0x080092c1   Thumb Code     6  stm32f10x_spi.o(.text)
    SPI_BiDirectionalLineConfig              0x080092c7   Thumb Code    28  stm32f10x_spi.o(.text)
    SPI_I2S_GetFlagStatus                    0x080092e3   Thumb Code    18  stm32f10x_spi.o(.text)
    SPI_I2S_ClearFlag                        0x080092f5   Thumb Code     6  stm32f10x_spi.o(.text)
    SPI_I2S_GetITStatus                      0x080092fb   Thumb Code    52  stm32f10x_spi.o(.text)
    SPI_I2S_ClearITPendingBit                0x0800932f   Thumb Code    20  stm32f10x_spi.o(.text)
    TIM_DeInit                               0x08009351   Thumb Code   424  stm32f10x_tim.o(.text)
    TIM_TimeBaseInit                         0x080094f9   Thumb Code   122  stm32f10x_tim.o(.text)
    TIM_OC1Init                              0x08009573   Thumb Code   132  stm32f10x_tim.o(.text)
    TIM_OC2Init                              0x080095f7   Thumb Code   154  stm32f10x_tim.o(.text)
    TIM_OC3Init                              0x08009691   Thumb Code   150  stm32f10x_tim.o(.text)
    TIM_OC4Init                              0x08009727   Thumb Code   182  stm32f10x_tim.o(.text)
    TIM_SetIC4Prescaler                      0x080097dd   Thumb Code    26  stm32f10x_tim.o(.text)
    TIM_SetIC3Prescaler                      0x08009879   Thumb Code    18  stm32f10x_tim.o(.text)
    TIM_SetIC2Prescaler                      0x08009905   Thumb Code    26  stm32f10x_tim.o(.text)
    TIM_SetIC1Prescaler                      0x080099a1   Thumb Code    18  stm32f10x_tim.o(.text)
    TIM_ICInit                               0x08009a1f   Thumb Code   150  stm32f10x_tim.o(.text)
    TIM_PWMIConfig                           0x08009ab5   Thumb Code   124  stm32f10x_tim.o(.text)
    TIM_BDTRConfig                           0x08009b31   Thumb Code    32  stm32f10x_tim.o(.text)
    TIM_TimeBaseStructInit                   0x08009b51   Thumb Code    18  stm32f10x_tim.o(.text)
    TIM_OCStructInit                         0x08009b63   Thumb Code    20  stm32f10x_tim.o(.text)
    TIM_ICStructInit                         0x08009b77   Thumb Code    18  stm32f10x_tim.o(.text)
    TIM_BDTRStructInit                       0x08009b89   Thumb Code    40  stm32f10x_tim.o(.text)
    TIM_Cmd                                  0x08009bb1   Thumb Code    24  stm32f10x_tim.o(.text)
    TIM_CtrlPWMOutputs                       0x08009bc9   Thumb Code    30  stm32f10x_tim.o(.text)
    TIM_ITConfig                             0x08009be7   Thumb Code    18  stm32f10x_tim.o(.text)
    TIM_GenerateEvent                        0x08009bf9   Thumb Code     4  stm32f10x_tim.o(.text)
    TIM_DMAConfig                            0x08009bfd   Thumb Code    10  stm32f10x_tim.o(.text)
    TIM_DMACmd                               0x08009c07   Thumb Code    18  stm32f10x_tim.o(.text)
    TIM_InternalClockConfig                  0x08009c19   Thumb Code    12  stm32f10x_tim.o(.text)
    TIM_SelectInputTrigger                   0x08009c25   Thumb Code    18  stm32f10x_tim.o(.text)
    TIM_ITRxExternalClockConfig              0x08009c37   Thumb Code    24  stm32f10x_tim.o(.text)
    TIM_TIxExternalClockConfig               0x08009c4f   Thumb Code    62  stm32f10x_tim.o(.text)
    TIM_ETRConfig                            0x08009c8d   Thumb Code    28  stm32f10x_tim.o(.text)
    TIM_ETRClockMode1Config                  0x08009ca9   Thumb Code    54  stm32f10x_tim.o(.text)
    TIM_ETRClockMode2Config                  0x08009cdf   Thumb Code    32  stm32f10x_tim.o(.text)
    TIM_PrescalerConfig                      0x08009cff   Thumb Code     6  stm32f10x_tim.o(.text)
    TIM_CounterModeConfig                    0x08009d05   Thumb Code    18  stm32f10x_tim.o(.text)
    TIM_EncoderInterfaceConfig               0x08009d17   Thumb Code    66  stm32f10x_tim.o(.text)
    TIM_ForcedOC1Config                      0x08009d59   Thumb Code    18  stm32f10x_tim.o(.text)
    TIM_ForcedOC2Config                      0x08009d6b   Thumb Code    26  stm32f10x_tim.o(.text)
    TIM_ForcedOC3Config                      0x08009d85   Thumb Code    18  stm32f10x_tim.o(.text)
    TIM_ForcedOC4Config                      0x08009d97   Thumb Code    26  stm32f10x_tim.o(.text)
    TIM_ARRPreloadConfig                     0x08009db1   Thumb Code    24  stm32f10x_tim.o(.text)
    TIM_SelectCOM                            0x08009dc9   Thumb Code    24  stm32f10x_tim.o(.text)
    TIM_SelectCCDMA                          0x08009de1   Thumb Code    24  stm32f10x_tim.o(.text)
    TIM_CCPreloadControl                     0x08009df9   Thumb Code    24  stm32f10x_tim.o(.text)
    TIM_OC1PreloadConfig                     0x08009e11   Thumb Code    18  stm32f10x_tim.o(.text)
    TIM_OC2PreloadConfig                     0x08009e23   Thumb Code    26  stm32f10x_tim.o(.text)
    TIM_OC3PreloadConfig                     0x08009e3d   Thumb Code    18  stm32f10x_tim.o(.text)
    TIM_OC4PreloadConfig                     0x08009e4f   Thumb Code    26  stm32f10x_tim.o(.text)
    TIM_OC1FastConfig                        0x08009e69   Thumb Code    18  stm32f10x_tim.o(.text)
    TIM_OC2FastConfig                        0x08009e7b   Thumb Code    26  stm32f10x_tim.o(.text)
    TIM_OC3FastConfig                        0x08009e95   Thumb Code    18  stm32f10x_tim.o(.text)
    TIM_OC4FastConfig                        0x08009ea7   Thumb Code    26  stm32f10x_tim.o(.text)
    TIM_ClearOC1Ref                          0x08009ec1   Thumb Code    18  stm32f10x_tim.o(.text)
    TIM_ClearOC2Ref                          0x08009ed3   Thumb Code    24  stm32f10x_tim.o(.text)
    TIM_ClearOC3Ref                          0x08009eeb   Thumb Code    18  stm32f10x_tim.o(.text)
    TIM_ClearOC4Ref                          0x08009efd   Thumb Code    24  stm32f10x_tim.o(.text)
    TIM_OC1PolarityConfig                    0x08009f15   Thumb Code    18  stm32f10x_tim.o(.text)
    TIM_OC1NPolarityConfig                   0x08009f27   Thumb Code    18  stm32f10x_tim.o(.text)
    TIM_OC2PolarityConfig                    0x08009f39   Thumb Code    26  stm32f10x_tim.o(.text)
    TIM_OC2NPolarityConfig                   0x08009f53   Thumb Code    26  stm32f10x_tim.o(.text)
    TIM_OC3PolarityConfig                    0x08009f6d   Thumb Code    26  stm32f10x_tim.o(.text)
    TIM_OC3NPolarityConfig                   0x08009f87   Thumb Code    26  stm32f10x_tim.o(.text)
    TIM_OC4PolarityConfig                    0x08009fa1   Thumb Code    26  stm32f10x_tim.o(.text)
    TIM_CCxCmd                               0x08009fbb   Thumb Code    30  stm32f10x_tim.o(.text)
    TIM_CCxNCmd                              0x08009fd9   Thumb Code    30  stm32f10x_tim.o(.text)
    TIM_SelectOCxM                           0x08009ff7   Thumb Code    82  stm32f10x_tim.o(.text)
    TIM_UpdateDisableConfig                  0x0800a049   Thumb Code    24  stm32f10x_tim.o(.text)
    TIM_UpdateRequestConfig                  0x0800a061   Thumb Code    24  stm32f10x_tim.o(.text)
    TIM_SelectHallSensor                     0x0800a079   Thumb Code    24  stm32f10x_tim.o(.text)
    TIM_SelectOnePulseMode                   0x0800a091   Thumb Code    18  stm32f10x_tim.o(.text)
    TIM_SelectOutputTrigger                  0x0800a0a3   Thumb Code    18  stm32f10x_tim.o(.text)
    TIM_SelectSlaveMode                      0x0800a0b5   Thumb Code    18  stm32f10x_tim.o(.text)
    TIM_SelectMasterSlaveMode                0x0800a0c7   Thumb Code    18  stm32f10x_tim.o(.text)
    TIM_SetCounter                           0x0800a0d9   Thumb Code     4  stm32f10x_tim.o(.text)
    TIM_SetAutoreload                        0x0800a0dd   Thumb Code     4  stm32f10x_tim.o(.text)
    TIM_SetCompare1                          0x0800a0e1   Thumb Code     4  stm32f10x_tim.o(.text)
    TIM_SetCompare2                          0x0800a0e5   Thumb Code     4  stm32f10x_tim.o(.text)
    TIM_SetCompare3                          0x0800a0e9   Thumb Code     4  stm32f10x_tim.o(.text)
    TIM_SetCompare4                          0x0800a0ed   Thumb Code     6  stm32f10x_tim.o(.text)
    TIM_SetClockDivision                     0x0800a0f3   Thumb Code    18  stm32f10x_tim.o(.text)
    TIM_GetCapture1                          0x0800a105   Thumb Code     6  stm32f10x_tim.o(.text)
    TIM_GetCapture2                          0x0800a10b   Thumb Code     6  stm32f10x_tim.o(.text)
    TIM_GetCapture3                          0x0800a111   Thumb Code     6  stm32f10x_tim.o(.text)
    TIM_GetCapture4                          0x0800a117   Thumb Code     8  stm32f10x_tim.o(.text)
    TIM_GetCounter                           0x0800a11f   Thumb Code     6  stm32f10x_tim.o(.text)
    TIM_GetPrescaler                         0x0800a125   Thumb Code     6  stm32f10x_tim.o(.text)
    TIM_GetFlagStatus                        0x0800a12b   Thumb Code    18  stm32f10x_tim.o(.text)
    TIM_ClearFlag                            0x0800a13d   Thumb Code     6  stm32f10x_tim.o(.text)
    TIM_GetITStatus                          0x0800a143   Thumb Code    34  stm32f10x_tim.o(.text)
    TIM_ClearITPendingBit                    0x0800a165   Thumb Code     6  stm32f10x_tim.o(.text)
    USART_DeInit                             0x0800a16d   Thumb Code   134  stm32f10x_usart.o(.text)
    USART_Init                               0x0800a1f3   Thumb Code   210  stm32f10x_usart.o(.text)
    USART_StructInit                         0x0800a2c5   Thumb Code    24  stm32f10x_usart.o(.text)
    USART_ClockInit                          0x0800a2dd   Thumb Code    34  stm32f10x_usart.o(.text)
    USART_ClockStructInit                    0x0800a2ff   Thumb Code    12  stm32f10x_usart.o(.text)
    USART_Cmd                                0x0800a30b   Thumb Code    24  stm32f10x_usart.o(.text)
    USART_ITConfig                           0x0800a323   Thumb Code    74  stm32f10x_usart.o(.text)
    USART_DMACmd                             0x0800a36d   Thumb Code    18  stm32f10x_usart.o(.text)
    USART_SetAddress                         0x0800a37f   Thumb Code    18  stm32f10x_usart.o(.text)
    USART_WakeUpConfig                       0x0800a391   Thumb Code    18  stm32f10x_usart.o(.text)
    USART_ReceiverWakeUpCmd                  0x0800a3a3   Thumb Code    24  stm32f10x_usart.o(.text)
    USART_LINBreakDetectLengthConfig         0x0800a3bb   Thumb Code    18  stm32f10x_usart.o(.text)
    USART_LINCmd                             0x0800a3cd   Thumb Code    24  stm32f10x_usart.o(.text)
    USART_SendData                           0x0800a3e5   Thumb Code     8  stm32f10x_usart.o(.text)
    USART_ReceiveData                        0x0800a3ed   Thumb Code    10  stm32f10x_usart.o(.text)
    USART_SendBreak                          0x0800a3f7   Thumb Code    10  stm32f10x_usart.o(.text)
    USART_SetGuardTime                       0x0800a401   Thumb Code    16  stm32f10x_usart.o(.text)
    USART_SetPrescaler                       0x0800a411   Thumb Code    16  stm32f10x_usart.o(.text)
    USART_SmartCardCmd                       0x0800a421   Thumb Code    24  stm32f10x_usart.o(.text)
    USART_SmartCardNACKCmd                   0x0800a439   Thumb Code    24  stm32f10x_usart.o(.text)
    USART_HalfDuplexCmd                      0x0800a451   Thumb Code    24  stm32f10x_usart.o(.text)
    USART_OverSampling8Cmd                   0x0800a469   Thumb Code    22  stm32f10x_usart.o(.text)
    USART_OneBitMethodCmd                    0x0800a47f   Thumb Code    24  stm32f10x_usart.o(.text)
    USART_IrDAConfig                         0x0800a497   Thumb Code    18  stm32f10x_usart.o(.text)
    USART_IrDACmd                            0x0800a4a9   Thumb Code    24  stm32f10x_usart.o(.text)
    USART_GetFlagStatus                      0x0800a4c1   Thumb Code    26  stm32f10x_usart.o(.text)
    USART_ClearFlag                          0x0800a4db   Thumb Code    18  stm32f10x_usart.o(.text)
    USART_GetITStatus                        0x0800a4ed   Thumb Code    84  stm32f10x_usart.o(.text)
    USART_ClearITPendingBit                  0x0800a541   Thumb Code    52  stm32f10x_usart.o(.text)
    OSCfg_Init                               0x0800a575   Thumb Code    64  os_cfg_app.o(.text)
    OS_IdleTask                              0x0800a62d   Thumb Code    60  os_core.o(.text)
    OS_IdleTaskInit                          0x0800a669   Thumb Code    68  os_core.o(.text)
    OS_RdyListInit                           0x0800a6ad   Thumb Code    32  os_core.o(.text)
    OSInit                                   0x0800a6cd   Thumb Code   198  os_core.o(.text)
    OSIntEnter                               0x0800a793   Thumb Code    34  os_core.o(.text)
    OSIntExit                                0x0800a7b5   Thumb Code   174  os_core.o(.text)
    OSSched                                  0x0800a863   Thumb Code   116  os_core.o(.text)
    OSSchedLock                              0x0800a8d7   Thumb Code   100  os_core.o(.text)
    OSSchedUnlock                            0x0800a93b   Thumb Code   132  os_core.o(.text)
    OSSchedRoundRobinCfg                     0x0800a9bf   Thumb Code    88  os_core.o(.text)
    OS_RdyListMoveHeadToTail                 0x0800aa17   Thumb Code   170  os_core.o(.text)
    OSSchedRoundRobinYield                   0x0800aac1   Thumb Code   164  os_core.o(.text)
    OSStart                                  0x0800ab65   Thumb Code    78  os_core.o(.text)
    OSVersion                                0x0800abb3   Thumb Code    12  os_core.o(.text)
    OS_PendDbgNameAdd                        0x0800abbf   Thumb Code    58  os_core.o(.text)
    OS_PendListInsertPrio                    0x0800abf9   Thumb Code   102  os_core.o(.text)
    OS_PendDataInit                          0x0800ac5f   Thumb Code    38  os_core.o(.text)
    OS_RdyListRemove                         0x0800ac85   Thumb Code    86  os_core.o(.text)
    OS_TaskBlock                             0x0800acdb   Thumb Code    56  os_core.o(.text)
    OS_Pend                                  0x0800ad13   Thumb Code    98  os_core.o(.text)
    OS_PendListRemove1                       0x0800ad75   Thumb Code    66  os_core.o(.text)
    OS_PendListRemove                        0x0800adb7   Thumb Code    48  os_core.o(.text)
    OS_PendAbort1                            0x0800ade7   Thumb Code    36  os_core.o(.text)
    OS_RdyListInsertHead                     0x0800ae0b   Thumb Code    58  os_core.o(.text)
    OS_RdyListInsertTail                     0x0800ae45   Thumb Code    56  os_core.o(.text)
    OS_RdyListInsert                         0x0800ae7d   Thumb Code   104  os_core.o(.text)
    OS_TaskRdy                               0x0800aee5   Thumb Code    28  os_core.o(.text)
    OS_PendAbort                             0x0800af01   Thumb Code   150  os_core.o(.text)
    OS_PendDbgNameRemove                     0x0800af97   Thumb Code    32  os_core.o(.text)
    OS_PendListChangePrio                    0x0800afb7   Thumb Code    70  os_core.o(.text)
    OS_PendListInit                          0x0800affd   Thumb Code    10  os_core.o(.text)
    OS_PendListInsertHead                    0x0800b007   Thumb Code    32  os_core.o(.text)
    OS_PendObjDel1                           0x0800b027   Thumb Code    36  os_core.o(.text)
    OS_PendObjDel                            0x0800b04b   Thumb Code   146  os_core.o(.text)
    OS_Post1                                 0x0800b0dd   Thumb Code    42  os_core.o(.text)
    OS_Post                                  0x0800b107   Thumb Code   180  os_core.o(.text)
    OS_Sched0                                0x0800b1bb   Thumb Code    56  os_core.o(.text)
    OS_SchedRoundRobin                       0x0800b1f3   Thumb Code   190  os_core.o(.text)
    OS_Dbg_Init                              0x0800b2d5   Thumb Code   126  os_dbg.o(.text)
    OS_FlagDbgListAdd                        0x0800b449   Thumb Code    38  os_flag.o(.text)
    OSFlagCreate                             0x0800b46f   Thumb Code   220  os_flag.o(.text)
    OS_FlagClr                               0x0800b54b   Thumb Code    28  os_flag.o(.text)
    OS_FlagDbgListRemove                     0x0800b567   Thumb Code    44  os_flag.o(.text)
    OSFlagDel                                0x0800b593   Thumb Code   574  os_flag.o(.text)
    OS_FlagBlock                             0x0800b7d1   Thumb Code    54  os_flag.o(.text)
    OSFlagPend                               0x0800b807   Thumb Code  1312  os_flag.o(.text)
    OSFlagPendAbort                          0x0800bd27   Thumb Code   270  os_flag.o(.text)
    OSFlagPendGetFlagsRdy                    0x0800be35   Thumb Code    66  os_flag.o(.text)
    OS_FlagTaskRdy                           0x0800be77   Thumb Code    86  os_flag.o(.text)
    OS_FlagPost                              0x0800becd   Thumb Code   558  os_flag.o(.text)
    OSFlagPost                               0x0800c0fb   Thumb Code   124  os_flag.o(.text)
    OS_FlagInit                              0x0800c177   Thumb Code    14  os_flag.o(.text)
    OS_IntQPost                              0x0800c195   Thumb Code   210  os_int.o(.text)
    OS_IntQRePost                            0x0800c267   Thumb Code   232  os_int.o(.text)
    OS_IntQTask                              0x0800c34f   Thumb Code   130  os_int.o(.text)
    OS_IntQTaskInit                          0x0800c3d1   Thumb Code   208  os_int.o(.text)
    OS_MemDbgListAdd                         0x0800c51d   Thumb Code    34  os_mem.o(.text)
    OSMemCreate                              0x0800c53f   Thumb Code   334  os_mem.o(.text)
    OSMemGet                                 0x0800c68d   Thumb Code   100  os_mem.o(.text)
    OSMemPut                                 0x0800c6f1   Thumb Code   112  os_mem.o(.text)
    OS_MemInit                               0x0800c761   Thumb Code    14  os_mem.o(.text)
    OS_MutexDbgListAdd                       0x0800c789   Thumb Code    38  os_mutex.o(.text)
    OSMutexCreate                            0x0800c7af   Thumb Code   122  os_mutex.o(.text)
    OS_MutexClr                              0x0800c829   Thumb Code    38  os_mutex.o(.text)
    OS_MutexDbgListRemove                    0x0800c84f   Thumb Code    44  os_mutex.o(.text)
    OSMutexDel                               0x0800c87b   Thumb Code   790  os_mutex.o(.text)
    OSMutexPend                              0x0800cb91   Thumb Code   690  os_mutex.o(.text)
    OSMutexPendAbort                         0x0800ce43   Thumb Code   254  os_mutex.o(.text)
    OSMutexPost                              0x0800cf41   Thumb Code   532  os_mutex.o(.text)
    OS_MutexInit                             0x0800d155   Thumb Code    14  os_mutex.o(.text)
    OS_PrioInit                              0x0800d17d   Thumb Code    20  os_prio.o(.text)
    OS_PrioGetHighest                        0x0800d191   Thumb Code    36  os_prio.o(.text)
    OS_PrioInsert                            0x0800d1b5   Thumb Code    32  os_prio.o(.text)
    OS_PrioRemove                            0x0800d1d5   Thumb Code    32  os_prio.o(.text)
    OS_SemDbgListAdd                         0x0800d1f9   Thumb Code    38  os_sem.o(.text)
    OSSemCreate                              0x0800d21f   Thumb Code   116  os_sem.o(.text)
    OS_SemClr                                0x0800d293   Thumb Code    28  os_sem.o(.text)
    OS_SemDbgListRemove                      0x0800d2af   Thumb Code    44  os_sem.o(.text)
    OSSemDel                                 0x0800d2db   Thumb Code   312  os_sem.o(.text)
    OSSemPend                                0x0800d413   Thumb Code   444  os_sem.o(.text)
    OSSemPendAbort                           0x0800d5cf   Thumb Code   294  os_sem.o(.text)
    OS_SemPost                               0x0800d6f5   Thumb Code   350  os_sem.o(.text)
    OSSemPost                                0x0800d853   Thumb Code    80  os_sem.o(.text)
    OSSemSet                                 0x0800d8a3   Thumb Code   104  os_sem.o(.text)
    OS_SemInit                               0x0800d90b   Thumb Code    14  os_sem.o(.text)
    OSStatReset                              0x0800d92d   Thumb Code    74  os_stat.o(.text)
    OSStatTaskCPUUsageInit                   0x0800d977   Thumb Code   168  os_stat.o(.text)
    OS_StatTask                              0x0800da1f   Thumb Code   256  os_stat.o(.text)
    OS_StatTaskInit                          0x0800db1f   Thumb Code   138  os_stat.o(.text)
    OS_TaskDbgListAdd                        0x0800dc09   Thumb Code    34  os_task.o(.text)
    OS_TaskInitTCB                           0x0800dc2b   Thumb Code   124  os_task.o(.text)
    OSTaskCreate                             0x0800dca7   Thumb Code   556  os_task.o(.text)
    OS_TaskDbgListRemove                     0x0800ded3   Thumb Code    44  os_task.o(.text)
    OSTaskDel                                0x0800deff   Thumb Code   476  os_task.o(.text)
    OSTaskRegGet                             0x0800e0db   Thumb Code    78  os_task.o(.text)
    OSTaskRegSet                             0x0800e129   Thumb Code    78  os_task.o(.text)
    OSTaskResume                             0x0800e177   Thumb Code   362  os_task.o(.text)
    OSTaskSemPend                            0x0800e2e1   Thumb Code   380  os_task.o(.text)
    OS_TaskSemPost                           0x0800e45d   Thumb Code   868  os_task.o(.text)
    OSTaskSemPost                            0x0800e7c1   Thumb Code    68  os_task.o(.text)
    OSTaskSemSet                             0x0800e805   Thumb Code    80  os_task.o(.text)
    OSTaskStkChk                             0x0800e855   Thumb Code   226  os_task.o(.text)
    OSTaskSuspend                            0x0800e937   Thumb Code   372  os_task.o(.text)
    OSTaskTimeQuantaSet                      0x0800eaab   Thumb Code    96  os_task.o(.text)
    OS_TaskInit                              0x0800eb0b   Thumb Code    18  os_task.o(.text)
    OS_TaskReturn                            0x0800eb1d   Thumb Code    20  os_task.o(.text)
    OS_TickListRemove                        0x0800eb55   Thumb Code    56  os_tick.o(.text)
    OS_TickListUpdate                        0x0800eb8d   Thumb Code   452  os_tick.o(.text)
    OS_TickTask                              0x0800ed51   Thumb Code    38  os_tick.o(.text)
    OS_TickListInit                          0x0800ed77   Thumb Code    32  os_tick.o(.text)
    OS_TickTaskInit                          0x0800ed97   Thumb Code    94  os_tick.o(.text)
    OS_TickListInsert                        0x0800edf5   Thumb Code   500  os_tick.o(.text)
    OS_TickListResetPeak                     0x0800efe9   Thumb Code    28  os_tick.o(.text)
    OSTimeDly                                0x0800f00d   Thumb Code   266  os_time.o(.text)
    OSTimeDlyHMSM                            0x0800f117   Thumb Code   480  os_time.o(.text)
    OSTimeDlyResume                          0x0800f2f7   Thumb Code   436  os_time.o(.text)
    OSTimeGet                                0x0800f4ab   Thumb Code    46  os_time.o(.text)
    OSTimeSet                                0x0800f4d9   Thumb Code    46  os_time.o(.text)
    OSTimeTick                               0x0800f507   Thumb Code    50  os_time.o(.text)
    OSStartHighRdy                           0x0800f54d   Thumb Code     0  os_cpu_a.o(.text)
    OS_CPU_PendSVHandler                     0x0800f56f   Thumb Code     0  os_cpu_a.o(.text)
    OSIdleTaskHook                           0x0800f5d1   Thumb Code     2  os_cpu_c.o(.text)
    OSInitHook                               0x0800f5d3   Thumb Code    20  os_cpu_c.o(.text)
    OSStatTaskHook                           0x0800f5e7   Thumb Code     2  os_cpu_c.o(.text)
    OSTaskCreateHook                         0x0800f5e9   Thumb Code     2  os_cpu_c.o(.text)
    OSTaskDelHook                            0x0800f5eb   Thumb Code     2  os_cpu_c.o(.text)
    OSTaskReturnHook                         0x0800f5ed   Thumb Code     2  os_cpu_c.o(.text)
    OSTaskStkInit                            0x0800f5ef   Thumb Code   188  os_cpu_c.o(.text)
    OSTaskSwHook                             0x0800f6ab   Thumb Code     2  os_cpu_c.o(.text)
    OSTimeTickHook                           0x0800f6ad   Thumb Code     2  os_cpu_c.o(.text)
    CPU_IntDis                               0x0800f6c1   Thumb Code     0  cpu_a.o(.text)
    CPU_IntEn                                0x0800f6c5   Thumb Code     0  cpu_a.o(.text)
    CPU_SR_Save                              0x0800f6c9   Thumb Code     0  cpu_a.o(.text)
    CPU_SR_Restore                           0x0800f6d1   Thumb Code     0  cpu_a.o(.text)
    CPU_CntLeadZeros                         0x0800f6d7   Thumb Code     0  cpu_a.o(.text)
    CPU_RevBits                              0x0800f6dd   Thumb Code     0  cpu_a.o(.text)
    CPU_WaitForInt                           0x0800f6e3   Thumb Code     0  cpu_a.o(.text)
    CPU_WaitForExcept                        0x0800f6e7   Thumb Code     0  cpu_a.o(.text)
    CPU_Init                                 0x0800f6eb   Thumb Code     2  cpu_core.o(.text)
    CPU_SW_Exception                         0x0800f6ed   Thumb Code     4  cpu_core.o(.text)
    __aeabi_memcpy                           0x0800f6f1   Thumb Code    36  memcpya.o(.text)
    __aeabi_memcpy4                          0x0800f6f1   Thumb Code     0  memcpya.o(.text)
    __aeabi_memcpy8                          0x0800f6f1   Thumb Code     0  memcpya.o(.text)
    __aeabi_memset                           0x0800f715   Thumb Code    14  memseta.o(.text)
    __aeabi_memset4                          0x0800f715   Thumb Code     0  memseta.o(.text)
    __aeabi_memset8                          0x0800f715   Thumb Code     0  memseta.o(.text)
    __aeabi_memclr                           0x0800f723   Thumb Code     4  memseta.o(.text)
    __aeabi_memclr4                          0x0800f723   Thumb Code     0  memseta.o(.text)
    __aeabi_memclr8                          0x0800f723   Thumb Code     0  memseta.o(.text)
    _memset$wrapper                          0x0800f727   Thumb Code    18  memseta.o(.text)
    __aeabi_uldivmod                         0x0800f739   Thumb Code    98  uldiv.o(.text)
    __scatterload                            0x0800f79d   Thumb Code    28  init.o(.text)
    __scatterload_rt2                        0x0800f79d   Thumb Code     0  init.o(.text)
    __aeabi_llsl                             0x0800f7c1   Thumb Code    30  llshl.o(.text)
    _ll_shift_l                              0x0800f7c1   Thumb Code     0  llshl.o(.text)
    __aeabi_llsr                             0x0800f7df   Thumb Code    32  llushr.o(.text)
    _ll_ushift_r                             0x0800f7df   Thumb Code     0  llushr.o(.text)
    __0printf$5                              0x0800f801   Thumb Code    22  printf5.o(i.__0printf$5)
    __1printf$5                              0x0800f801   Thumb Code     0  printf5.o(i.__0printf$5)
    __2printf                                0x0800f801   Thumb Code     0  printf5.o(i.__0printf$5)
    __scatterload_copy                       0x0800f821   Thumb Code    14  handlers.o(i.__scatterload_copy)
    __scatterload_null                       0x0800f82f   Thumb Code     2  handlers.o(i.__scatterload_null)
    __scatterload_zeroinit                   0x0800f831   Thumb Code    14  handlers.o(i.__scatterload_zeroinit)
    OSCfg_IdleTaskStkBasePtr                 0x0800fafc   Data           4  os_cfg_app.o(.constdata)
    OSCfg_IdleTaskStkLimit                   0x0800fb00   Data           4  os_cfg_app.o(.constdata)
    OSCfg_IdleTaskStkSize                    0x0800fb04   Data           4  os_cfg_app.o(.constdata)
    OSCfg_IdleTaskStkSizeRAM                 0x0800fb08   Data           4  os_cfg_app.o(.constdata)
    OSCfg_IntQBasePtr                        0x0800fb0c   Data           4  os_cfg_app.o(.constdata)
    OSCfg_IntQSize                           0x0800fb10   Data           2  os_cfg_app.o(.constdata)
    OSCfg_IntQSizeRAM                        0x0800fb14   Data           4  os_cfg_app.o(.constdata)
    OSCfg_IntQTaskStkBasePtr                 0x0800fb18   Data           4  os_cfg_app.o(.constdata)
    OSCfg_IntQTaskStkLimit                   0x0800fb1c   Data           4  os_cfg_app.o(.constdata)
    OSCfg_IntQTaskStkSize                    0x0800fb20   Data           4  os_cfg_app.o(.constdata)
    OSCfg_IntQTaskStkSizeRAM                 0x0800fb24   Data           4  os_cfg_app.o(.constdata)
    OSCfg_ISRStkBasePtr                      0x0800fb28   Data           4  os_cfg_app.o(.constdata)
    OSCfg_ISRStkSize                         0x0800fb2c   Data           4  os_cfg_app.o(.constdata)
    OSCfg_ISRStkSizeRAM                      0x0800fb30   Data           4  os_cfg_app.o(.constdata)
    OSCfg_MsgPoolSize                        0x0800fb34   Data           2  os_cfg_app.o(.constdata)
    OSCfg_MsgPoolSizeRAM                     0x0800fb38   Data           4  os_cfg_app.o(.constdata)
    OSCfg_MsgPoolBasePtr                     0x0800fb3c   Data           4  os_cfg_app.o(.constdata)
    OSCfg_StatTaskPrio                       0x0800fb40   Data           1  os_cfg_app.o(.constdata)
    OSCfg_StatTaskRate_Hz                    0x0800fb44   Data           4  os_cfg_app.o(.constdata)
    OSCfg_StatTaskStkBasePtr                 0x0800fb48   Data           4  os_cfg_app.o(.constdata)
    OSCfg_StatTaskStkLimit                   0x0800fb4c   Data           4  os_cfg_app.o(.constdata)
    OSCfg_StatTaskStkSize                    0x0800fb50   Data           4  os_cfg_app.o(.constdata)
    OSCfg_StatTaskStkSizeRAM                 0x0800fb54   Data           4  os_cfg_app.o(.constdata)
    OSCfg_StkSizeMin                         0x0800fb58   Data           4  os_cfg_app.o(.constdata)
    OSCfg_TickRate_Hz                        0x0800fb5c   Data           4  os_cfg_app.o(.constdata)
    OSCfg_TickTaskPrio                       0x0800fb60   Data           1  os_cfg_app.o(.constdata)
    OSCfg_TickTaskStkBasePtr                 0x0800fb64   Data           4  os_cfg_app.o(.constdata)
    OSCfg_TickTaskStkLimit                   0x0800fb68   Data           4  os_cfg_app.o(.constdata)
    OSCfg_TickTaskStkSize                    0x0800fb6c   Data           4  os_cfg_app.o(.constdata)
    OSCfg_TickTaskStkSizeRAM                 0x0800fb70   Data           4  os_cfg_app.o(.constdata)
    OSCfg_TickWheelSize                      0x0800fb74   Data           2  os_cfg_app.o(.constdata)
    OSCfg_TickWheelSizeRAM                   0x0800fb78   Data           4  os_cfg_app.o(.constdata)
    OSCfg_TmrTaskPrio                        0x0800fb7c   Data           1  os_cfg_app.o(.constdata)
    OSCfg_TmrTaskRate_Hz                     0x0800fb80   Data           4  os_cfg_app.o(.constdata)
    OSCfg_TmrTaskStkBasePtr                  0x0800fb84   Data           4  os_cfg_app.o(.constdata)
    OSCfg_TmrTaskStkLimit                    0x0800fb88   Data           4  os_cfg_app.o(.constdata)
    OSCfg_TmrTaskStkSize                     0x0800fb8c   Data           4  os_cfg_app.o(.constdata)
    OSCfg_TmrTaskStkSizeRAM                  0x0800fb90   Data           4  os_cfg_app.o(.constdata)
    OSCfg_TmrWheelSize                       0x0800fb94   Data           2  os_cfg_app.o(.constdata)
    OSCfg_TmrWheelSizeRAM                    0x0800fb98   Data           4  os_cfg_app.o(.constdata)
    OSCfg_DataSizeRAM                        0x0800fb9c   Data           4  os_cfg_app.o(.constdata)
    OSDbg_DbgEn                              0x0800fba0   Data           2  os_dbg.o(.constdata)
    OSDbg_ArgChkEn                           0x0800fba2   Data           1  os_dbg.o(.constdata)
    OSDbg_AppHooksEn                         0x0800fba3   Data           1  os_dbg.o(.constdata)
    OSDbg_EndiannessTest                     0x0800fba4   Data           4  os_dbg.o(.constdata)
    OSDbg_CalledFromISRChkEn                 0x0800fba8   Data           1  os_dbg.o(.constdata)
    OSDbg_FlagEn                             0x0800fba9   Data           1  os_dbg.o(.constdata)
    OSDbg_FlagGrp                            0x0800fbac   Data          40  os_dbg.o(.constdata)
    OSDbg_FlagDelEn                          0x0800fbd4   Data           1  os_dbg.o(.constdata)
    OSDbg_FlagModeClrEn                      0x0800fbd5   Data           1  os_dbg.o(.constdata)
    OSDbg_FlagPendAbortEn                    0x0800fbd6   Data           1  os_dbg.o(.constdata)
    OSDbg_FlagGrpSize                        0x0800fbd8   Data           2  os_dbg.o(.constdata)
    OSDbg_FlagWidth                          0x0800fbda   Data           2  os_dbg.o(.constdata)
    OSDbg_IntQ                               0x0800fbdc   Data           2  os_dbg.o(.constdata)
    OSDbg_ISRPostDeferredEn                  0x0800fbde   Data           1  os_dbg.o(.constdata)
    OSDbg_Mem                                0x0800fbe0   Data          32  os_dbg.o(.constdata)
    OSDbg_MemEn                              0x0800fc00   Data           1  os_dbg.o(.constdata)
    OSDbg_MemSize                            0x0800fc02   Data           2  os_dbg.o(.constdata)
    OSDbg_MsgEn                              0x0800fc04   Data           1  os_dbg.o(.constdata)
    OSDbg_MsgSize                            0x0800fc06   Data           2  os_dbg.o(.constdata)
    OSDbg_MsgPoolSize                        0x0800fc08   Data           2  os_dbg.o(.constdata)
    OSDbg_MsgQSize                           0x0800fc0a   Data           2  os_dbg.o(.constdata)
    OSDbg_Mutex                              0x0800fc0c   Data          44  os_dbg.o(.constdata)
    OSDbg_MutexEn                            0x0800fc38   Data           1  os_dbg.o(.constdata)
    OSDbg_MutexDelEn                         0x0800fc39   Data           1  os_dbg.o(.constdata)
    OSDbg_MutexPendAbortEn                   0x0800fc3a   Data           1  os_dbg.o(.constdata)
    OSDbg_MutexSize                          0x0800fc3c   Data           2  os_dbg.o(.constdata)
    OSDbg_ObjTypeChkEn                       0x0800fc3e   Data           1  os_dbg.o(.constdata)
    OSDbg_PendMultiEn                        0x0800fc3f   Data           1  os_dbg.o(.constdata)
    OSDbg_PendDataSize                       0x0800fc40   Data           2  os_dbg.o(.constdata)
    OSDbg_PendListSize                       0x0800fc42   Data           2  os_dbg.o(.constdata)
    OSDbg_PendObjSize                        0x0800fc44   Data           2  os_dbg.o(.constdata)
    OSDbg_PrioMax                            0x0800fc46   Data           2  os_dbg.o(.constdata)
    OSDbg_PrioTblSize                        0x0800fc48   Data           2  os_dbg.o(.constdata)
    OSDbg_PtrSize                            0x0800fc4a   Data           2  os_dbg.o(.constdata)
    OSDbg_Q                                  0x0800fc4c   Data          48  os_dbg.o(.constdata)
    OSDbg_QEn                                0x0800fc7c   Data           1  os_dbg.o(.constdata)
    OSDbg_QDelEn                             0x0800fc7d   Data           1  os_dbg.o(.constdata)
    OSDbg_QFlushEn                           0x0800fc7e   Data           1  os_dbg.o(.constdata)
    OSDbg_QPendAbortEn                       0x0800fc7f   Data           1  os_dbg.o(.constdata)
    OSDbg_QSize                              0x0800fc80   Data           2  os_dbg.o(.constdata)
    OSDbg_SchedRoundRobinEn                  0x0800fc82   Data           1  os_dbg.o(.constdata)
    OSDbg_Sem                                0x0800fc84   Data          40  os_dbg.o(.constdata)
    OSDbg_SemEn                              0x0800fcac   Data           1  os_dbg.o(.constdata)
    OSDbg_SemDelEn                           0x0800fcad   Data           1  os_dbg.o(.constdata)
    OSDbg_SemPendAbortEn                     0x0800fcae   Data           1  os_dbg.o(.constdata)
    OSDbg_SemSetEn                           0x0800fcaf   Data           1  os_dbg.o(.constdata)
    OSDbg_SemSize                            0x0800fcb0   Data           2  os_dbg.o(.constdata)
    OSDbg_RdyList                            0x0800fcb2   Data           2  os_dbg.o(.constdata)
    OSDbg_RdyListSize                        0x0800fcb4   Data           4  os_dbg.o(.constdata)
    OSDbg_StkWidth                           0x0800fcb8   Data           1  os_dbg.o(.constdata)
    OSDbg_StatTaskEn                         0x0800fcb9   Data           1  os_dbg.o(.constdata)
    OSDbg_StatTaskStkChkEn                   0x0800fcba   Data           1  os_dbg.o(.constdata)
    OSDbg_TaskChangePrioEn                   0x0800fcbb   Data           1  os_dbg.o(.constdata)
    OSDbg_TaskDelEn                          0x0800fcbc   Data           1  os_dbg.o(.constdata)
    OSDbg_TaskQEn                            0x0800fcbd   Data           1  os_dbg.o(.constdata)
    OSDbg_TaskQPendAbortEn                   0x0800fcbe   Data           1  os_dbg.o(.constdata)
    OSDbg_TaskProfileEn                      0x0800fcbf   Data           1  os_dbg.o(.constdata)
    OSDbg_TaskRegTblSize                     0x0800fcc0   Data           2  os_dbg.o(.constdata)
    OSDbg_TaskSemPendAbortEn                 0x0800fcc2   Data           1  os_dbg.o(.constdata)
    OSDbg_TaskSuspendEn                      0x0800fcc3   Data           1  os_dbg.o(.constdata)
    OSDbg_TCBSize                            0x0800fcc4   Data           2  os_dbg.o(.constdata)
    OSDbg_TickSpokeSize                      0x0800fcc6   Data           2  os_dbg.o(.constdata)
    OSDbg_TimeDlyHMSMEn                      0x0800fcc8   Data           1  os_dbg.o(.constdata)
    OSDbg_TimeDlyResumeEn                    0x0800fcc9   Data           1  os_dbg.o(.constdata)
    OSDbg_Tmr                                0x0800fccc   Data          52  os_dbg.o(.constdata)
    OSDbg_TmrEn                              0x0800fd00   Data           1  os_dbg.o(.constdata)
    OSDbg_TmrDelEn                           0x0800fd01   Data           1  os_dbg.o(.constdata)
    OSDbg_TmrSize                            0x0800fd02   Data           2  os_dbg.o(.constdata)
    OSDbg_TmrSpokeSize                       0x0800fd04   Data           2  os_dbg.o(.constdata)
    OSDbg_VersionNbr                         0x0800fd06   Data           2  os_dbg.o(.constdata)
    OSDbg_DataSize                           0x0800fd08   Data           4  os_dbg.o(.constdata)
    Region$$Table$$Base                      0x0800fd0c   Number         0  anon$$obj.o(Region$$Table)
    Region$$Table$$Limit                     0x0800fd2c   Number         0  anon$$obj.o(Region$$Table)
    set_debug                                0x20000000   Data           1  mid.o(.data)
    Sys_Errcode                              0x20000001   Data           1  mid.o(.data)
    Sys_Errpos                               0x20000002   Data           1  mid.o(.data)
    Recieve_Flag                             0x20000003   Data           1  mid.o(.data)
    s_MidWaitPata                            0x20000004   Data           6  mid.o(.data)
    sBackWaitPara                            0x2000000a   Data           6  mid_reback.o(.data)
    sUsarteCom                               0x20000010   Data           5  ctrlcom.o(.data)
    __stdout                                 0x20000018   Data           4  ctrlcom.o(.data)
    dma_transfer_len                         0x20000020   Data           2  ctrldma.o(.data)
    SysTick_Count                            0x20000024   Data           8  sys_delay.o(.data)
    mtRunIndex                               0x2000002c   Data           1  mtx.o(.data)
    Time2_Irq_Num                            0x2000002d   Data           1  mtx_timer.o(.data)
    Time3_Irq_Num                            0x2000002e   Data           1  mtx_timer.o(.data)
    Time4_Irq_Num                            0x2000002f   Data           1  mtx_timer.o(.data)
    Time5_Irq_Num                            0x20000030   Data           1  mtx_timer.o(.data)
    Auto_Enter_Flag                          0x20000031   Data           1  entercupmt.o(.data)
    Enter_Cup_Rst_Flag                       0x20000032   Data           1  entercupmt.o(.data)
    Waste_Light_Pin                          0x20000034   Data           8  led_key_ctrl.o(.data)
    Waste_Light_Clk                          0x2000003c   Data          16  led_key_ctrl.o(.data)
    Waste_Light_Port                         0x2000004c   Data          16  led_key_ctrl.o(.data)
    SystemCoreClock                          0x2000006c   Data           4  system_stm32f10x.o(.data)
    AHBPrescTable                            0x20000070   Data          16  system_stm32f10x.o(.data)
    OSPrioTbl                                0x20000094   Data           8  os_prio.o(.data)
    OSIdleTaskCtr                            0x2000009c   Data           4  os_var.o(.data)
    OSIntNestingCtr                          0x200000a0   Data           1  os_var.o(.data)
    OSRunning                                0x200000a1   Data           1  os_var.o(.data)
    OSIntQInPtr                              0x200000a4   Data           4  os_var.o(.data)
    OSIntQOutPtr                             0x200000a8   Data           4  os_var.o(.data)
    OSIntQNbrEntries                         0x200000ac   Data           2  os_var.o(.data)
    OSIntQMaxNbrEntries                      0x200000ae   Data           2  os_var.o(.data)
    OSIntQOvfCtr                             0x200000b0   Data           2  os_var.o(.data)
    OSIntQTaskTimeMax                        0x200000b4   Data           4  os_var.o(.data)
    OSFlagDbgListPtr                         0x200000b8   Data           4  os_var.o(.data)
    OSFlagQty                                0x200000bc   Data           2  os_var.o(.data)
    OSMemDbgListPtr                          0x200000c0   Data           4  os_var.o(.data)
    OSMemQty                                 0x200000c4   Data           2  os_var.o(.data)
    OSMsgPool                                0x200000c8   Data           8  os_var.o(.data)
    OSMutexDbgListPtr                        0x200000d0   Data           4  os_var.o(.data)
    OSMutexQty                               0x200000d4   Data           2  os_var.o(.data)
    OSPrioCur                                0x200000d6   Data           1  os_var.o(.data)
    OSPrioHighRdy                            0x200000d7   Data           1  os_var.o(.data)
    OSPrioSaved                              0x200000d8   Data           1  os_var.o(.data)
    OSSchedLockNestingCtr                    0x200000d9   Data           1  os_var.o(.data)
    OSSchedRoundRobinDfltTimeQuanta          0x200000dc   Data           4  os_var.o(.data)
    OSSchedRoundRobinEn                      0x200000e0   Data           1  os_var.o(.data)
    OSSemDbgListPtr                          0x200000e4   Data           4  os_var.o(.data)
    OSSemQty                                 0x200000e8   Data           2  os_var.o(.data)
    OSStatTaskCPUUsage                       0x200000ea   Data           1  os_var.o(.data)
    OSStatTaskCtr                            0x200000ec   Data           4  os_var.o(.data)
    OSStatTaskCtrMax                         0x200000f0   Data           4  os_var.o(.data)
    OSStatTaskCtrRun                         0x200000f4   Data           4  os_var.o(.data)
    OSStatTaskRdy                            0x200000f8   Data           1  os_var.o(.data)
    OSStatTaskTimeMax                        0x200000fc   Data           4  os_var.o(.data)
    OSStatResetFlag                          0x20000100   Data           1  os_var.o(.data)
    OSTaskCtxSwCtr                           0x20000104   Data           4  os_var.o(.data)
    OSTaskDbgListPtr                         0x20000108   Data           4  os_var.o(.data)
    OSTaskQty                                0x2000010c   Data           2  os_var.o(.data)
    OSTickCtr                                0x20000110   Data           4  os_var.o(.data)
    OSTickTaskTimeMax                        0x20000114   Data           4  os_var.o(.data)
    OSTCBCurPtr                              0x20000118   Data           4  os_var.o(.data)
    OSTCBHighRdyPtr                          0x2000011c   Data           4  os_var.o(.data)
    OS_CPU_ExceptStkBase                     0x20000120   Data           4  os_cpu_c.o(.data)
    STARTTaskTCB                             0x20000124   Data         128  main.o(.bss)
    MIDTaskTCB                               0x200001a4   Data         128  main.o(.bss)
    LEDTaskTCB                               0x20000224   Data         128  main.o(.bss)
    SPTaskTCB                                0x200002a4   Data         128  main.o(.bss)
    EnterCupCtrlTaskTCB                      0x20000324   Data         128  main.o(.bss)
    AutoEnterCupCtrlTaskTCB                  0x200003a4   Data         128  main.o(.bss)
    LKCTRLTaskTCB                            0x20000424   Data         128  main.o(.bss)
    MIDReBackTaskTCB                         0x200004a4   Data         128  main.o(.bss)
    MtxEventFlags                            0x20000524   Data          40  main.o(.bss)
    Mid_usart_buf                            0x2000174c   Data         512  mid.o(.bss)
    Mid_can_buf                              0x2000194c   Data         512  mid.o(.bss)
    RecieveBuf                               0x20001b4c   Data         512  mid.o(.bss)
    ReBack_que_buf                           0x20001d4c   Data         256  mid.o(.bss)
    gApp                                     0x20001e4c   Data          16  mid.o(.bss)
    sys_msg                                  0x20001e5c   Data          16  mid_op.o(.bss)
    io_msg                                   0x20001e6c   Data          16  mid_op.o(.bss)
    ec_msg                                   0x20001e7c   Data          16  mid_op.o(.bss)
    para_msg                                 0x20001e8c   Data          16  mid_op.o(.bss)
    MtxPara                                  0x20001e9c   Data          84  mid_op.o(.bss)
    MtxFunList                               0x20001ef0   Data          84  mid_op.o(.bss)
    MtxCtrl                                  0x20001f44   Data          60  mid_op.o(.bss)
    MtxFlag                                  0x20001f80   Data          12  mid_op.o(.bss)
    MtxCtrlPin                               0x20001f8c   Data          24  mid_op.o(.bss)
    Sys_Msg_Data                             0x20001fa4   Data          16  mid_op.o(.bss)
    Io_Msg_Data                              0x20001fb4   Data          16  mid_op.o(.bss)
    Ec_Msg_Data                              0x20001fc4   Data          32  mid_op.o(.bss)
    Para_Msg_Data                            0x20001fe4   Data          64  mid_op.o(.bss)
    MidReBack_QueBuf                         0x20002024   Data         512  mid_reback.o(.bss)
    MidReBack_Buf                            0x20002224   Data         512  mid_reback.o(.bss)
    sCanCtrl                                 0x20002424   Data          80  ctrlcan.o(.bss)
    sComCtrl                                 0x20002474   Data         132  ctrlcom.o(.bss)
    Uart_DMA_Rx                              0x200024f8   Data         128  ctrlcom.o(.bss)
    DMA_InitStructure                        0x20002578   Data          44  ctrldma.o(.bss)
    SpiConfig                                0x200025a4   Data          48  ctrlspi.o(.bss)
    STMFLASH_BUF                             0x200025d4   Data        2048  stmflash.o(.bss)
    sLed_Ctrl                                0x20002dd4   Data          36  led.o(.bss)
    s_ecpara                                 0x20002df8   Data           9  load_parameter.o(.bss)
    AccTimArr_Buf                            0x20002e02   Data        2048  configmtx.o(.bss)
    DecTimArr_Buf                            0x20003602   Data        2048  configmtx.o(.bss)
    MtxLightConfig                           0x20003e04   Data          40  mtx_lightpin.o(.bss)
    TimConfig                                0x20003e2c   Data          32  mtx_timer.o(.bss)
    EC_QueBuf                                0x20003e4c   Data         128  entercupmt.o(.bss)
    s_lkCtrl                                 0x20003ecc   Data         160  led_key_ctrl.o(.bss)
    s_lkFlag                                 0x20003f6c   Data          16  led_key_ctrl.o(.bss)
    OSCfg_IdleTaskStk                        0x20003f7c   Data         512  os_cfg_app.o(.bss)
    OSCfg_IntQ                               0x2000417c   Data         320  os_cfg_app.o(.bss)
    OSCfg_IntQTaskStk                        0x200042bc   Data         512  os_cfg_app.o(.bss)
    OSCfg_ISRStk                             0x200044bc   Data         512  os_cfg_app.o(.bss)
    OSCfg_StatTaskStk                        0x200046bc   Data         512  os_cfg_app.o(.bss)
    OSCfg_TickTaskStk                        0x200048bc   Data         512  os_cfg_app.o(.bss)
    OSCfg_TickWheel                          0x20004abc   Data         104  os_cfg_app.o(.bss)
    OSIdleTaskTCB                            0x20004b24   Data         128  os_var.o(.bss)
    OSIntQTaskTCB                            0x20004ba4   Data         128  os_var.o(.bss)
    OSRdyList                                0x20004c24   Data         768  os_var.o(.bss)
    OSStatTaskTCB                            0x20004f24   Data         128  os_var.o(.bss)
    OSTickTaskTCB                            0x20004fa4   Data         128  os_var.o(.bss)
    __initial_sp                             0x20005428   Data           0  startup_stm32f10x_hd.o(STACK)



==============================================================================

Memory Map of the image

  Image Entry point : 0x08000131

  Load Region LR_IROM1 (Base: 0x08000000, Size: 0x0000fe50, Max: 0x00080000, ABSOLUTE)

    Execution Region ER_IROM1 (Base: 0x08000000, Size: 0x0000fd2c, Max: 0x00080000, ABSOLUTE)

    Base Addr    Size         Type   Attr      Idx    E Section Name        Object

    0x08000000   0x00000130   Data   RO            3    RESET               startup_stm32f10x_hd.o
    0x08000130   0x00000000   Code   RO         1491  * .ARM.Collect$$$$00000000  mc_w.l(entry.o)
    0x08000130   0x00000004   Code   RO         1761    .ARM.Collect$$$$00000001  mc_w.l(entry2.o)
    0x08000134   0x00000004   Code   RO         1764    .ARM.Collect$$$$00000004  mc_w.l(entry5.o)
    0x08000138   0x00000000   Code   RO         1766    .ARM.Collect$$$$00000008  mc_w.l(entry7b.o)
    0x08000138   0x00000000   Code   RO         1768    .ARM.Collect$$$$0000000A  mc_w.l(entry8b.o)
    0x08000138   0x00000008   Code   RO         1769    .ARM.Collect$$$$0000000B  mc_w.l(entry9a.o)
    0x08000140   0x00000000   Code   RO         1771    .ARM.Collect$$$$0000000D  mc_w.l(entry10a.o)
    0x08000140   0x00000000   Code   RO         1773    .ARM.Collect$$$$0000000F  mc_w.l(entry11a.o)
    0x08000140   0x00000004   Code   RO         1762    .ARM.Collect$$$$00002712  mc_w.l(entry2.o)
    0x08000144   0x00000024   Code   RO            4    .text               startup_stm32f10x_hd.o
    0x08000168   0x00000390   Code   RO           10    .text               main.o
    0x080004f8   0x00000016   Code   RO          215    .text               stm32f10x_it.o
    0x0800050e   0x00000002   PAD
    0x08000510   0x000002c0   Code   RO          262    .text               mid.o
    0x080007d0   0x00000438   Code   RO          285    .text               mid_op.o
    0x08000c08   0x00000144   Code   RO          314    .text               mid_reback.o
    0x08000d4c   0x000007c0   Code   RO          330    .text               ctrlcan.o
    0x0800150c   0x00000a20   Code   RO          360    .text               ctrlcom.o
    0x08001f2c   0x0000007c   Code   RO          384    .text               ctrldma.o
    0x08001fa8   0x000002b4   Code   RO          453    .text               ctrlspi.o
    0x0800225c   0x00000338   Code   RO          471    .text               queue.o
    0x08002594   0x000000e8   Code   RO          495    .text               sys_delay.o
    0x0800267c   0x000001c4   Code   RO          514    .text               stmflash.o
    0x08002840   0x00000128   Code   RO          532    .text               led.o
    0x08002968   0x0000019c   Code   RO          551    .text               load_parameter.o
    0x08002b04   0x00000a54   Code   RO          569    .text               configmtx.o
    0x08003558   0x00000f00   Code   RO          652    .text               motor.o
    0x08004458   0x00001314   Code   RO          664    .text               mtx.o
    0x0800576c   0x00000394   Code   RO          683    .text               mtx_ctrlpin.o
    0x08005b00   0x000005a8   Code   RO          695    .text               mtx_lightpin.o
    0x080060a8   0x000005c4   Code   RO          728    .text               mtx_timer.o
    0x0800666c   0x0000026c   Code   RO          747    .text               fm25cl64.o
    0x080068d8   0x00000428   Code   RO          759    .text               entercupmt.o
    0x08006d00   0x00000778   Code   RO          778    .text               led_key_ctrl.o
    0x08007478   0x000001e8   Code   RO          807    .text               system_stm32f10x.o
    0x08007660   0x000000dc   Code   RO          825    .text               misc.o
    0x0800773c   0x000009f0   Code   RO          867    .text               stm32f10x_can.o
    0x0800812c   0x00000254   Code   RO          939    .text               stm32f10x_dma.o
    0x08008380   0x000005bc   Code   RO          963    .text               stm32f10x_flash.o
    0x0800893c   0x0000035c   Code   RO          990    .text               stm32f10x_gpio.o
    0x08008c98   0x000003ac   Code   RO         1047    .text               stm32f10x_rcc.o
    0x08009044   0x0000030c   Code   RO         1088    .text               stm32f10x_spi.o
    0x08009350   0x00000e1a   Code   RO         1100    .text               stm32f10x_tim.o
    0x0800a16a   0x00000002   PAD
    0x0800a16c   0x00000408   Code   RO         1112    .text               stm32f10x_usart.o
    0x0800a574   0x000000b8   Code   RO         1139    .text               os_cfg_app.o
    0x0800a62c   0x00000ca8   Code   RO         1159    .text               os_core.o
    0x0800b2d4   0x00000174   Code   RO         1171    .text               os_dbg.o
    0x0800b448   0x00000d4c   Code   RO         1186    .text               os_flag.o
    0x0800c194   0x00000388   Code   RO         1198    .text               os_int.o
    0x0800c51c   0x0000026c   Code   RO         1210    .text               os_mem.o
    0x0800c788   0x000009f4   Code   RO         1228    .text               os_mutex.o
    0x0800d17c   0x0000007c   Code   RO         1252    .text               os_prio.o
    0x0800d1f8   0x00000734   Code   RO         1277    .text               os_sem.o
    0x0800d92c   0x000002dc   Code   RO         1289    .text               os_stat.o
    0x0800dc08   0x00000f4c   Code   RO         1301    .text               os_task.o
    0x0800eb54   0x000004b8   Code   RO         1313    .text               os_tick.o
    0x0800f00c   0x00000540   Code   RO         1325    .text               os_time.o
    0x0800f54c   0x00000084   Code   RO         1357    .text               os_cpu_a.o
    0x0800f5d0   0x000000f0   Code   RO         1360    .text               os_cpu_c.o
    0x0800f6c0   0x0000002a   Code   RO         1446    .text               cpu_a.o
    0x0800f6ea   0x00000006   Code   RO         1461    .text               cpu_core.o
    0x0800f6f0   0x00000024   Code   RO         1494    .text               mc_w.l(memcpya.o)
    0x0800f714   0x00000024   Code   RO         1496    .text               mc_w.l(memseta.o)
    0x0800f738   0x00000062   Code   RO         1777    .text               mc_w.l(uldiv.o)
    0x0800f79a   0x00000002   PAD
    0x0800f79c   0x00000024   Code   RO         1790    .text               mc_w.l(init.o)
    0x0800f7c0   0x0000001e   Code   RO         1792    .text               mc_w.l(llshl.o)
    0x0800f7de   0x00000020   Code   RO         1794    .text               mc_w.l(llushr.o)
    0x0800f7fe   0x00000002   PAD
    0x0800f800   0x00000020   Code   RO         1633    i.__0printf$5       mc_w.l(printf5.o)
    0x0800f820   0x0000000e   Code   RO         1802    i.__scatterload_copy  mc_w.l(handlers.o)
    0x0800f82e   0x00000002   Code   RO         1803    i.__scatterload_null  mc_w.l(handlers.o)
    0x0800f830   0x0000000e   Code   RO         1804    i.__scatterload_zeroinit  mc_w.l(handlers.o)
    0x0800f83e   0x00000002   PAD
    0x0800f840   0x000002bc   Code   RO         1640    i._printf_core      mc_w.l(printf5.o)
    0x0800fafc   0x000000a4   Data   RO         1141    .constdata          os_cfg_app.o
    0x0800fba0   0x0000016c   Data   RO         1172    .constdata          os_dbg.o
    0x0800fd0c   0x00000020   Data   RO         1800    Region$$Table       anon$$obj.o


    Execution Region RW_IRAM1 (Base: 0x20000000, Size: 0x00005428, Max: 0x00010000, ABSOLUTE)

    Base Addr    Size         Type   Attr      Idx    E Section Name        Object

    0x20000000   0x0000000a   Data   RW          264    .data               mid.o
    0x2000000a   0x00000006   Data   RW          316    .data               mid_reback.o
    0x20000010   0x00000010   Data   RW          362    .data               ctrlcom.o
    0x20000020   0x00000002   Data   RW          386    .data               ctrldma.o
    0x20000022   0x00000002   PAD
    0x20000024   0x00000008   Data   RW          496    .data               sys_delay.o
    0x2000002c   0x00000001   Data   RW          665    .data               mtx.o
    0x2000002d   0x00000004   Data   RW          730    .data               mtx_timer.o
    0x20000031   0x00000003   Data   RW          761    .data               entercupmt.o
    0x20000034   0x00000038   Data   RW          780    .data               led_key_ctrl.o
    0x2000006c   0x00000014   Data   RW          808    .data               system_stm32f10x.o
    0x20000080   0x00000014   Data   RW         1048    .data               stm32f10x_rcc.o
    0x20000094   0x00000008   Data   RW         1253    .data               os_prio.o
    0x2000009c   0x00000084   Data   RW         1344    .data               os_var.o
    0x20000120   0x00000004   Data   RW         1361    .data               os_cpu_c.o
    0x20000124   0x00001628   Zero   RW           11    .bss                main.o
    0x2000174c   0x00000710   Zero   RW          263    .bss                mid.o
    0x20001e5c   0x000001c8   Zero   RW          286    .bss                mid_op.o
    0x20002024   0x00000400   Zero   RW          315    .bss                mid_reback.o
    0x20002424   0x00000050   Zero   RW          331    .bss                ctrlcan.o
    0x20002474   0x00000104   Zero   RW          361    .bss                ctrlcom.o
    0x20002578   0x0000002c   Zero   RW          385    .bss                ctrldma.o
    0x200025a4   0x00000030   Zero   RW          454    .bss                ctrlspi.o
    0x200025d4   0x00000800   Zero   RW          515    .bss                stmflash.o
    0x20002dd4   0x00000024   Zero   RW          533    .bss                led.o
    0x20002df8   0x00000009   Zero   RW          552    .bss                load_parameter.o
    0x20002e01   0x00000001   PAD
    0x20002e02   0x00001000   Zero   RW          570    .bss                configmtx.o
    0x20003e02   0x00000002   PAD
    0x20003e04   0x00000028   Zero   RW          696    .bss                mtx_lightpin.o
    0x20003e2c   0x00000020   Zero   RW          729    .bss                mtx_timer.o
    0x20003e4c   0x00000080   Zero   RW          760    .bss                entercupmt.o
    0x20003ecc   0x000000b0   Zero   RW          779    .bss                led_key_ctrl.o
    0x20003f7c   0x00000ba8   Zero   RW         1140    .bss                os_cfg_app.o
    0x20004b24   0x00000500   Zero   RW         1343    .bss                os_var.o
    0x20005024   0x00000004   PAD
    0x20005028   0x00000400   Zero   RW            1    STACK               startup_stm32f10x_hd.o


==============================================================================

Image component sizes


      Code (inc. data)   RO Data    RW Data    ZI Data      Debug   Object Name

      2644        102          0          0       4096     215743   configmtx.o
        42          0          0          0          0        320   cpu_a.o
         6          0          0          0          0        584   cpu_core.o
      1984        292          0          0         80       9676   ctrlcan.o
      2592         94          0         16        260      11763   ctrlcom.o
       124         10          0          2         44     283473   ctrldma.o
       692         14          0          0         48       4771   ctrlspi.o
      1064         66          0          3        128       3984   entercupmt.o
       620         20          0          0          0       3241   fm25cl64.o
       296         10          0          0         36       2866   led.o
      1912         56          0         56        176       9794   led_key_ctrl.o
       412         10          0          0          9       2498   load_parameter.o
       912        218          0          0       5672     302219   main.o
       704         80          0         10       1808       3752   mid.o
      1080        102          0          0        456      26061   mid_op.o
       324         36          0          6       1024       2116   mid_reback.o
       220         22          0          0          0       1909   misc.o
      3840        270          0          0          0       5893   motor.o
      4884        340          0          1          0       4912   mtx.o
       916         18          0          0          0       1705   mtx_ctrlpin.o
      1448         24          0          0         40      13738   mtx_lightpin.o
      1476        120          0          4         32       8228   mtx_timer.o
       184        120        164          0       2984      18697   os_cfg_app.o
      3240        224          0          0          0      11522   os_core.o
       132         32          0          0          0        336   os_cpu_a.o
       240         18          0          4          0       3120   os_cpu_c.o
       372        246        364          0          0       4799   os_dbg.o
      3404         96          0          0          0       7587   os_flag.o
       904        124          0          0          0       2428   os_int.o
       620         26          0          0          0       2740   os_mem.o
      2548         98          0          0          0       5202   os_mutex.o
       124          4          0          8          0       1852   os_prio.o
      1844         60          0          0          0       5888   os_sem.o
       732         96          0          0          0       2085   os_stat.o
      3916        170          0          0          0       8367   os_task.o
      1208         84          0          0          0       3209   os_tick.o
      1344         44          0          0          0       3197   os_time.o
         0          0          0        132       1280      17012   os_var.o
       824          8          0          0          0       4200   queue.o
        36          8        304          0       1024        892   startup_stm32f10x_hd.o
      2544         38          0          0          0       7960   stm32f10x_can.o
       596          8          0          0          0       4438   stm32f10x_dma.o
      1468         34          0          0          0       8138   stm32f10x_flash.o
       860         38          0          0          0       5753   stm32f10x_gpio.o
        22          0          0          0          0      27149   stm32f10x_it.o
       940         44          0         20          0       8976   stm32f10x_rcc.o
       780         14          0          0          0       6638   stm32f10x_spi.o
      3610         88          0          0          0      22240   stm32f10x_tim.o
      1032         22          0          0          0       8480   stm32f10x_usart.o
       452         30          0          0       2048       3002   stmflash.o
       232         36          0          8          0      16854   sys_delay.o
       488         46          0         20          0       2015   system_stm32f10x.o

    ----------------------------------------------------------------------
     62892       3760        864        292      21252    1144022   Object Totals
         0          0         32          0          0          0   (incl. Generated)
         4          0          0          2          7          0   (incl. Padding)

    ----------------------------------------------------------------------

      Code (inc. data)   RO Data    RW Data    ZI Data      Debug   Library Member Name

         0          0          0          0          0          0   entry.o
         0          0          0          0          0          0   entry10a.o
         0          0          0          0          0          0   entry11a.o
         8          4          0          0          0          0   entry2.o
         4          0          0          0          0          0   entry5.o
         0          0          0          0          0          0   entry7b.o
         0          0          0          0          0          0   entry8b.o
         8          4          0          0          0          0   entry9a.o
        30          0          0          0          0          0   handlers.o
        36          8          0          0          0         68   init.o
        30          0          0          0          0         68   llshl.o
        32          0          0          0          0         68   llushr.o
        36          0          0          0          0         68   memcpya.o
        36          0          0          0          0        108   memseta.o
       732         56          0          0          0        184   printf5.o
        98          0          0          0          0         92   uldiv.o

    ----------------------------------------------------------------------
      1056         72          0          0          0        656   Library Totals
         6          0          0          0          0          0   (incl. Padding)

    ----------------------------------------------------------------------

      Code (inc. data)   RO Data    RW Data    ZI Data      Debug   Library Name

      1050         72          0          0          0        656   mc_w.l

    ----------------------------------------------------------------------
      1056         72          0          0          0        656   Library Totals

    ----------------------------------------------------------------------

==============================================================================


      Code (inc. data)   RO Data    RW Data    ZI Data      Debug   

     63948       3832        864        292      21252    1139734   Grand Totals
     63948       3832        864        292      21252    1139734   ELF Image Totals
     63948       3832        864        292          0          0   ROM Totals

==============================================================================

    Total RO  Size (Code + RO Data)                64812 (  63.29kB)
    Total RW  Size (RW Data + ZI Data)             21544 (  21.04kB)
    Total ROM Size (Code + RO Data + RW Data)      65104 (  63.58kB)

==============================================================================

